Archive member included to satisfy reference by file (symbol)

app/libapp.a(main.c.obj)      (--whole-archive)
zephyr/libzephyr.a(validate_libc.c.obj)
                              (--whole-archive)
zephyr/libzephyr.a(heap.c.obj)
                              (--whole-archive)
zephyr/libzephyr.a(cbprintf_packaged.c.obj)
                              (--whole-archive)
zephyr/libzephyr.a(clock.c.obj)
                              (--whole-archive)
zephyr/libzephyr.a(printk.c.obj)
                              (--whole-archive)
zephyr/libzephyr.a(sem.c.obj)
                              (--whole-archive)
zephyr/libzephyr.a(thread_entry.c.obj)
                              (--whole-archive)
zephyr/libzephyr.a(cbprintf_complete.c.obj)
                              (--whole-archive)
zephyr/libzephyr.a(assert.c.obj)
                              (--whole-archive)
zephyr/libzephyr.a(mpsc_pbuf.c.obj)
                              (--whole-archive)
zephyr/libzephyr.a(dec.c.obj)
                              (--whole-archive)
zephyr/libzephyr.a(hex.c.obj)
                              (--whole-archive)
zephyr/libzephyr.a(rb.c.obj)  (--whole-archive)
zephyr/libzephyr.a(timeutil.c.obj)
                              (--whole-archive)
zephyr/libzephyr.a(bitarray.c.obj)
                              (--whole-archive)
zephyr/libzephyr.a(bitmask.c.obj)
                              (--whole-archive)
zephyr/libzephyr.a(getopt.c.obj)
                              (--whole-archive)
zephyr/libzephyr.a(getopt_common.c.obj)
                              (--whole-archive)
zephyr/libzephyr.a(ring_buffer.c.obj)
                              (--whole-archive)
zephyr/libzephyr.a(configs.c.obj)
                              (--whole-archive)
zephyr/libzephyr.a(log_core.c.obj)
                              (--whole-archive)
zephyr/libzephyr.a(log_mgmt.c.obj)
                              (--whole-archive)
zephyr/libzephyr.a(log_cache.c.obj)
                              (--whole-archive)
zephyr/libzephyr.a(log_msg.c.obj)
                              (--whole-archive)
zephyr/libzephyr.a(log_output.c.obj)
                              (--whole-archive)
zephyr/libzephyr.a(log_backend_uart.c.obj)
                              (--whole-archive)
zephyr/libzephyr.a(tracing_none.c.obj)
                              (--whole-archive)
zephyr/libzephyr.a(sched_diag.c.obj)
                              (--whole-archive)
zephyr/arch/common/libarch__common.a(init.c.obj)
                              (--whole-archive)
zephyr/arch/arch/x86/core/libarch__x86__core.a(cpuhalt.c.obj)
                              (--whole-archive)
zephyr/arch/arch/x86/core/libarch__x86__core.a(prep_c.c.obj)
                              (--whole-archive)
zephyr/arch/arch/x86/core/libarch__x86__core.a(fatal.c.obj)
                              (--whole-archive)
zephyr/arch/arch/x86/core/libarch__x86__core.a(cpuid.c.obj)
                              (--whole-archive)
zephyr/arch/arch/x86/core/libarch__x86__core.a(spec_ctrl.c.obj)
                              (--whole-archive)
zephyr/arch/arch/x86/core/libarch__x86__core.a(memmap.c.obj)
                              (--whole-archive)
zephyr/arch/arch/x86/core/libarch__x86__core.a(multiboot.c.obj)
                              (--whole-archive)
zephyr/arch/arch/x86/core/libarch__x86__core.a(x86_mmu.c.obj)
                              (--whole-archive)
zephyr/arch/arch/x86/core/libarch__x86__core.a(early_serial.c.obj)
                              (--whole-archive)
zephyr/arch/arch/x86/core/libarch__x86__core.a(tls.c.obj)
                              (--whole-archive)
zephyr/arch/arch/x86/core/libarch__x86__core.a(crt0.S.obj)
                              (--whole-archive)
zephyr/arch/arch/x86/core/libarch__x86__core.a(excstub.S.obj)
                              (--whole-archive)
zephyr/arch/arch/x86/core/libarch__x86__core.a(intstub.S.obj)
                              (--whole-archive)
zephyr/arch/arch/x86/core/libarch__x86__core.a(irq_manage.c.obj)
                              (--whole-archive)
zephyr/arch/arch/x86/core/libarch__x86__core.a(swap.S.obj)
                              (--whole-archive)
zephyr/arch/arch/x86/core/libarch__x86__core.a(thread.c.obj)
                              (--whole-archive)
zephyr/arch/arch/x86/core/libarch__x86__core.a(tls.c.obj)
                              (--whole-archive)
zephyr/arch/arch/x86/core/libarch__x86__core.a(fatal.c.obj)
                              (--whole-archive)
zephyr/arch/arch/x86/core/libarch__x86__core.a(soft_float_stubs.c.obj)
                              (--whole-archive)
zephyr/lib/libc/picolibc/liblib__libc__picolibc.a(assert.c.obj)
                              (--whole-archive)
zephyr/lib/libc/picolibc/liblib__libc__picolibc.a(cbprintf.c.obj)
                              (--whole-archive)
zephyr/lib/libc/picolibc/liblib__libc__picolibc.a(chk_fail.c.obj)
                              (--whole-archive)
[...]
Memory Configuration

Name             Origin             Length             Attributes
RAM              0x0000000000100000 0x0000000001f00000 xw
IDT_LIST         0x00000000ffff1000 0x0000000000000800
*default*        0x0000000000000000 0xffffffffffffffff

Linker script and memory map

                0x0000000000106d2a                vfprintf = __l_vfprintf
                0x0000000000000000                vfscanf = __l_vfscanf
LOAD zephyr/CMakeFiles/zephyr_final.dir/misc/empty_file.c.obj
LOAD zephyr/CMakeFiles/offsets.dir/./arch/x86/core/offsets/offsets.c.obj
LOAD zephyr/arch/arch/x86/staticIdt.o
LOAD zephyr/arch/arch/x86/irq_int_vector_map.o
LOAD zephyr/arch/arch/x86/irq_vectors_alloc.o
LOAD zephyr/arch/arch/x86/gdt.o
LOAD zephyr/arch/arch/x86/pagetables.o
LOAD app/libapp.a
LOAD zephyr/libzephyr.a
LOAD zephyr/arch/common/libarch__common.a
LOAD zephyr/arch/arch/x86/core/libarch__x86__core.a
LOAD zephyr/lib/libc/picolibc/liblib__libc__picolibc.a
LOAD zephyr/lib/libc/common/liblib__libc__common.a
LOAD zephyr/lib/posix/c_lib_ext/liblib__posix__c_lib_ext.a
LOAD zephyr/subsys/random/libsubsys__random.a
LOAD zephyr/drivers/interrupt_controller/libdrivers__interrupt_controller.a
LOAD zephyr/drivers/console/libdrivers__console.a
LOAD zephyr/drivers/serial/libdrivers__serial.a
LOAD zephyr/drivers/timer/libdrivers__timer.a
LOAD zephyr/kernel/libkernel.a
LOAD /home/dylan/zephyr-sdk-0.17.4/x86_64-zephyr-elf/bin/../lib/gcc/../../picolibc/x86_64-zephyr-elf/lib/32/soft-float/libc.a
LOAD /home/dylan/zephyr-sdk-0.17.4/x86_64-zephyr-elf/bin/../lib/gcc/x86_64-zephyr-elf/12.2.0/32/soft-float/libgcc.a
                0x0000000000100000                epoint = (__start - 0x0)

.rel.plt        0x0000000000000000        0x0
 *(SORT_BY_ALIGNMENT(.rel.plt))
                [!provide]                        PROVIDE (__rel_iplt_start = .)
 *(SORT_BY_ALIGNMENT(.rel.iplt))
 .rel.iplt      0x0000000000000000        0x0 zephyr/CMakeFiles/zephyr_final.dir/misc/empty_file.c.obj
                [!provide]                        PROVIDE (__rel_iplt_end = .)

.rela.plt       0x0000000000000000        0x0
 *(SORT_BY_ALIGNMENT(.rela.plt))
                [!provide]                        PROVIDE (__rela_iplt_start = .)
 *(SORT_BY_ALIGNMENT(.rela.iplt))
                [!provide]                        PROVIDE (__rela_iplt_end = .)

.rel.dyn        0x0000000000000000        0x0
 *(SORT_BY_ALIGNMENT(.rel.*))
 .rel.got       0x0000000000000000        0x0 zephyr/CMakeFiles/zephyr_final.dir/misc/empty_file.c.obj
 .rel.text.cbvprintf_package
                0x0000000000000000        0x0 zephyr/CMakeFiles/zephyr_final.dir/misc/empty_file.c.obj
 .rel.text.cbprintf_package_convert
                0x0000000000000000        0x0 zephyr/CMakeFiles/zephyr_final.dir/misc/empty_file.c.obj
 .rel.text.activate_foreach_backend
                0x0000000000000000        0x0 zephyr/CMakeFiles/zephyr_final.dir/misc/empty_file.c.obj
 .rel.text.z_log_init
                0x0000000000000000        0x0 zephyr/CMakeFiles/zephyr_final.dir/misc/empty_file.c.obj
 .rel.text.dropped_notify
                0x0000000000000000        0x0 zephyr/CMakeFiles/zephyr_final.dir/misc/empty_file.c.obj
 .rel.text.log_core_init
                0x0000000000000000        0x0 zephyr/CMakeFiles/zephyr_final.dir/misc/empty_file.c.obj
 .rel.text.z_impl_log_process
                0x0000000000000000        0x0 zephyr/CMakeFiles/zephyr_final.dir/misc/empty_file.c.obj
 .rel.text.z_impl_log_panic
                0x0000000000000000        0x0 zephyr/CMakeFiles/zephyr_final.dir/misc/empty_file.c.obj
 .rel.text.log_process_thread_func
                0x0000000000000000        0x0 zephyr/CMakeFiles/zephyr_final.dir/misc/empty_file.c.obj
 .rel.text.log_source_name_get
                0x0000000000000000        0x0 zephyr/CMakeFiles/zephyr_final.dir/misc/empty_file.c.obj
 .rel.text.log_msg_get_source_id
                0x0000000000000000        0x0 zephyr/CMakeFiles/zephyr_final.dir/misc/empty_file.c.obj
 .rel.text.arch_bss_zero
                0x0000000000000000        0x0 zephyr/CMakeFiles/zephyr_final.dir/misc/empty_file.c.obj
 .rel.text.arch_cpu_idle
                0x0000000000000000        0x0 zephyr/CMakeFiles/zephyr_final.dir/misc/empty_file.c.obj
 .rel.text.z_multiboot_init
                0x0000000000000000        0x0 zephyr/CMakeFiles/zephyr_final.dir/misc/empty_file.c.obj
 .rel.text.page_map_set.constprop.0
                0x0000000000000000        0x0 zephyr/CMakeFiles/zephyr_final.dir/misc/empty_file.c.obj
 .rel.text.arch_reserved_pages_update
                0x0000000000000000        0x0 zephyr/CMakeFiles/zephyr_final.dir/misc/empty_file.c.obj
 .rel.text.arch_tls_stack_setup
                0x0000000000000000        0x0 zephyr/CMakeFiles/zephyr_final.dir/misc/empty_file.c.obj
 .rel.text.__start
                0x0000000000000000        0x0 zephyr/CMakeFiles/zephyr_final.dir/misc/empty_file.c.obj
 .rel.text.z_x86_tls_update_gdt
                0x0000000000000000        0x0 zephyr/CMakeFiles/zephyr_final.dir/misc/empty_file.c.obj
 .rel.text.z_x86_early_tls_update_gdt
                0x0000000000000000        0x0 zephyr/CMakeFiles/zephyr_final.dir/misc/empty_file.c.obj
 .rel.text.cbvprintf
                0x0000000000000000        0x0 zephyr/CMakeFiles/zephyr_final.dir/misc/empty_file.c.obj
 .rel.text.sys_clock_driver_init
                0x0000000000000000        0x0 zephyr/CMakeFiles/zephyr_final.dir/misc/empty_file.c.obj
 .rel.text.z_fatal_error
                0x0000000000000000        0x0 zephyr/CMakeFiles/zephyr_final.dir/misc/empty_file.c.obj
 .rel.text.bg_thread_main
                0x0000000000000000        0x0 zephyr/CMakeFiles/zephyr_final.dir/misc/empty_file.c.obj
 .rel.rodata.levels.0
                0x0000000000000000        0x0 zephyr/CMakeFiles/zephyr_final.dir/misc/empty_file.c.obj
 .rel.text.virt_region_free
                0x0000000000000000        0x0 zephyr/CMakeFiles/zephyr_final.dir/misc/empty_file.c.obj
 .rel.text.virt_region_alloc
                0x0000000000000000        0x0 zephyr/CMakeFiles/zephyr_final.dir/misc/empty_file.c.obj
 .rel.text.k_mem_map_phys_bare
                0x0000000000000000        0x0 zephyr/CMakeFiles/zephyr_final.dir/misc/empty_file.c.obj
 .rel.text.z_mem_manage_init
                0x0000000000000000        0x0 zephyr/CMakeFiles/zephyr_final.dir/misc/empty_file.c.obj
 .rel.text.snprintf
                0x0000000000000000        0x0 zephyr/CMakeFiles/zephyr_final.dir/misc/empty_file.c.obj

.rela.dyn
 *(SORT_BY_ALIGNMENT(.rela.*))

/DISCARD/
 *(SORT_BY_ALIGNMENT(.plt))

/DISCARD/
 *(SORT_BY_ALIGNMENT(.iplt))
                0x0000000000000000                . = ALIGN (0x8)

text            0x0000000000100000     0x8000
                0x0000000000100000                __text_region_start = .
                0x0000000000100000                z_mapped_start = .
                0x0000000000100000                __rom_start_address = .
 FILL mask 0x00
                0x0000000000100000                . = (. + (0x0 - (. - __rom_start_address)))
                0x0000000000100000                . = ALIGN (0x4)
 *(SORT_BY_ALIGNMENT(.text.__start))
 .text.__start  0x0000000000100000       0xc8 zephyr/arch/arch/x86/core/libarch__x86__core.a(crt0.S.obj)
                0x0000000000100000                __start
                0x00000000001000c2                z_x86_idt
 *(SORT_BY_ALIGNMENT(.text.irqstubs))
 .text.irqstubs
                0x00000000001000c8       0x10 zephyr/drivers/timer/libdrivers__timer.a(hpet.c.obj)
                0x00000000001000c8                hpet_isr_irq2_stub
 *(SORT_BY_ALIGNMENT(.gnu.linkonce.t.exc_*_stub))
 .gnu.linkonce.t.exc_0_stub
                0x00000000001000d8       0x10 zephyr/arch/arch/x86/core/libarch__x86__core.a(fatal.c.obj)
                0x00000000001000d8                _handle_exc_0_vector_0_stub
 .gnu.linkonce.t.exc_2_stub
                0x00000000001000e8       0x10 zephyr/arch/arch/x86/core/libarch__x86__core.a(fatal.c.obj)
                0x00000000001000e8                _handle_exc_2_vector_2_stub
 .gnu.linkonce.t.exc_4_stub
                0x00000000001000f8       0x10 zephyr/arch/arch/x86/core/libarch__x86__core.a(fatal.c.obj)
                0x00000000001000f8                _handle_exc_4_vector_4_stub
 .gnu.linkonce.t.exc_5_stub
                0x0000000000100108       0x10 zephyr/arch/arch/x86/core/libarch__x86__core.a(fatal.c.obj)
                0x0000000000100108                _handle_exc_5_vector_5_stub
 .gnu.linkonce.t.exc_6_stub
                0x0000000000100118       0x10 zephyr/arch/arch/x86/core/libarch__x86__core.a(fatal.c.obj)
                0x0000000000100118                _handle_exc_6_vector_6_stub
 .gnu.linkonce.t.exc_7_stub
                0x0000000000100128       0x10 zephyr/arch/arch/x86/core/libarch__x86__core.a(fatal.c.obj)
                0x0000000000100128                _handle_exc_7_vector_7_stub
 .gnu.linkonce.t.exc_8_stub
                0x0000000000100138       0x10 zephyr/arch/arch/x86/core/libarch__x86__core.a(fatal.c.obj)
                0x0000000000100138                _handle_exc_8_vector_8_stub
 .gnu.linkonce.t.exc_10_stub
                0x0000000000100148        0xe zephyr/arch/arch/x86/core/libarch__x86__core.a(fatal.c.obj)
                0x0000000000100148                _handle_exc_10_vector_10_stub
 .gnu.linkonce.t.exc_11_stub
                0x0000000000100156        0xe zephyr/arch/arch/x86/core/libarch__x86__core.a(fatal.c.obj)
                0x0000000000100156                _handle_exc_11_vector_11_stub
 .gnu.linkonce.t.exc_12_stub
                0x0000000000100164        0xe zephyr/arch/arch/x86/core/libarch__x86__core.a(fatal.c.obj)
                0x0000000000100164                _handle_exc_12_vector_12_stub
 .gnu.linkonce.t.exc_13_stub
                0x0000000000100172        0xe zephyr/arch/arch/x86/core/libarch__x86__core.a(fatal.c.obj)
                0x0000000000100172                _handle_exc_13_vector_13_stub
 .gnu.linkonce.t.exc_16_stub
                0x0000000000100180       0x10 zephyr/arch/arch/x86/core/libarch__x86__core.a(fatal.c.obj)
                0x0000000000100180                _handle_exc_16_vector_16_stub
 .gnu.linkonce.t.exc_17_stub
                0x0000000000100190        0xe zephyr/arch/arch/x86/core/libarch__x86__core.a(fatal.c.obj)
                0x0000000000100190                _handle_exc_17_vector_17_stub
 .gnu.linkonce.t.exc_18_stub
                0x000000000010019e       0x10 zephyr/arch/arch/x86/core/libarch__x86__core.a(fatal.c.obj)
                0x000000000010019e                _handle_exc_18_vector_18_stub
 .gnu.linkonce.t.exc_21_stub
                0x00000000001001ae        0xe zephyr/arch/arch/x86/core/libarch__x86__core.a(fatal.c.obj)
                0x00000000001001ae                _handle_exc_21_vector_21_stub
 .gnu.linkonce.t.exc_14_stub
                0x00000000001001bc        0xe zephyr/arch/arch/x86/core/libarch__x86__core.a(fatal.c.obj)
                0x00000000001001bc                _z_x86_page_fault_handler_vector_14_stub
 *(SORT_BY_ALIGNMENT(.text))
 .text          0x00000000001001ca       0x1e /home/dylan/zephyr-sdk-0.17.4/x86_64-zephyr-elf/bin/../lib/gcc/../../picolibc/x86_64-zephyr-elf/lib/32/soft-float/libc.a(strlen.S.o)
                0x00000000001001ca                strlen
 .text          0x00000000001001e8       0xf2 /home/dylan/zephyr-sdk-0.17.4/x86_64-zephyr-elf/bin/../lib/gcc/x86_64-zephyr-elf/12.2.0/32/soft-float/libgcc.a(_udivdi3.o)
                0x00000000001001e8                __udivdi3
 *(SORT_BY_ALIGNMENT(.text.*))
 .text._OffsetAbsSyms
                0x00000000001002da        0x1 zephyr/CMakeFiles/offsets.dir/./arch/x86/core/offsets/offsets.c.obj
                0x00000000001002da                _OffsetAbsSyms
 .text.k_uptime_get_32
                0x00000000001002db       0x11 app/libapp.a(main.c.obj)
 .text.task_entry
                0x00000000001002ec      0x140 app/libapp.a(main.c.obj)
 .text.main     0x000000000010042c      0x171 app/libapp.a(main.c.obj)
                0x000000000010042c                main
 .text.chunk_field
                0x000000000010059d       0x15 zephyr/libzephyr.a(heap.c.obj)
 .text.chunk_set
                0x00000000001005b2       0x1f zephyr/libzephyr.a(heap.c.obj)
 .text.chunk_size
                0x00000000001005d1       0x11 zephyr/libzephyr.a(heap.c.obj)
 .text.set_chunk_used
                0x00000000001005e2       0x3d zephyr/libzephyr.a(heap.c.obj)
 .text.set_chunk_size
                0x000000000010061f       0x13 zephyr/libzephyr.a(heap.c.obj)
 .text.bucket_idx
                0x0000000000100632       0x1b zephyr/libzephyr.a(heap.c.obj)
 .text.free_list_add
                0x000000000010064d       0xae zephyr/libzephyr.a(heap.c.obj)
 .text.sys_heap_init
                0x00000000001006fb       0xdb zephyr/libzephyr.a(heap.c.obj)
                0x00000000001006fb                sys_heap_init
 .text.cbvprintf_package
                0x00000000001007d6      0x4a3 zephyr/libzephyr.a(cbprintf_packaged.c.obj)
                0x00000000001007d6                cbvprintf_package
 .text.cbpprintf_external
                0x0000000000100c79       0x8e zephyr/libzephyr.a(cbprintf_packaged.c.obj)
                0x0000000000100c79                cbpprintf_external
 .text.is_ptr   0x0000000000100d07       0x5c zephyr/libzephyr.a(cbprintf_packaged.c.obj)
                0x0000000000100d07                is_ptr
 .text.cbprintf_package_convert
                0x0000000000100d63      0x463 zephyr/libzephyr.a(cbprintf_packaged.c.obj)
                0x0000000000100d63                cbprintf_package_convert
 .text.__printk_hook_install
                0x00000000001011c6        0xd zephyr/libzephyr.a(printk.c.obj)
                0x00000000001011c6                __printk_hook_install
 .text.printk   0x00000000001011d3       0x13 zephyr/libzephyr.a(printk.c.obj)
                0x00000000001011d3                printk
 .text.z_thread_entry
                0x00000000001011e6       0x32 zephyr/libzephyr.a(thread_entry.c.obj)
                0x00000000001011e6                z_thread_entry
 .text.free_space
                0x0000000000101218       0x2f zephyr/libzephyr.a(mpsc_pbuf.c.obj)
 .text.get_usage
                0x0000000000101247       0x2b zephyr/libzephyr.a(mpsc_pbuf.c.obj)
 .text.idx_inc  0x0000000000101272       0x20 zephyr/libzephyr.a(mpsc_pbuf.c.obj)
 .text.rd_idx_inc
                0x0000000000101292       0x1a zephyr/libzephyr.a(mpsc_pbuf.c.obj)
 .text.add_skip_item
                0x00000000001012ac       0x3d zephyr/libzephyr.a(mpsc_pbuf.c.obj)
 .text.drop_item_locked
                0x00000000001012e9      0x10e zephyr/libzephyr.a(mpsc_pbuf.c.obj)
 .text.post_drop_action
                0x00000000001013f7       0x38 zephyr/libzephyr.a(mpsc_pbuf.c.obj)
 .text.max_utilization_update
                0x000000000010142f       0x25 zephyr/libzephyr.a(mpsc_pbuf.c.obj)
 .text.mpsc_pbuf_init
                0x0000000000101454       0x5d zephyr/libzephyr.a(mpsc_pbuf.c.obj)
                0x0000000000101454                mpsc_pbuf_init
 .text.mpsc_pbuf_alloc
                0x00000000001014b1      0x12a zephyr/libzephyr.a(mpsc_pbuf.c.obj)
                0x00000000001014b1                mpsc_pbuf_alloc
 .text.mpsc_pbuf_commit
                0x00000000001015db       0x3c zephyr/libzephyr.a(mpsc_pbuf.c.obj)
                0x00000000001015db                mpsc_pbuf_commit
 .text.mpsc_pbuf_claim
                0x0000000000101617       0xba zephyr/libzephyr.a(mpsc_pbuf.c.obj)
                0x0000000000101617                mpsc_pbuf_claim
 .text.mpsc_pbuf_free
                0x00000000001016d1       0x75 zephyr/libzephyr.a(mpsc_pbuf.c.obj)
                0x00000000001016d1                mpsc_pbuf_free
 .text.mpsc_pbuf_is_pending
                0x0000000000101746       0x32 zephyr/libzephyr.a(mpsc_pbuf.c.obj)
                0x0000000000101746                mpsc_pbuf_is_pending
 .text.find_and_stack
                0x0000000000101778       0x51 zephyr/libzephyr.a(rb.c.obj)
 .text.stack_left_limb
                0x00000000001017c9       0x49 zephyr/libzephyr.a(rb.c.obj)
 .text.set_child
                0x0000000000101812       0x12 zephyr/libzephyr.a(rb.c.obj)
 .text.rotate   0x0000000000101824       0xab zephyr/libzephyr.a(rb.c.obj)
 .text.z_rb_get_minmax
                0x00000000001018cf       0x27 zephyr/libzephyr.a(rb.c.obj)
                0x00000000001018cf                z_rb_get_minmax
 .text.rb_insert
                0x00000000001018f6      0x139 zephyr/libzephyr.a(rb.c.obj)
                0x00000000001018f6                rb_insert
 .text.rb_remove
                0x0000000000101a2f      0x38c zephyr/libzephyr.a(rb.c.obj)
                0x0000000000101a2f                rb_remove
 .text.z_rb_foreach_next
                0x0000000000101dbb       0x72 zephyr/libzephyr.a(rb.c.obj)
                0x0000000000101dbb                z_rb_foreach_next
 .text.setup_bundle_data.constprop.0
                0x0000000000101e2d       0x5d zephyr/libzephyr.a(bitarray.c.obj)
 .text.set_region
                0x0000000000101e8a       0xb5 zephyr/libzephyr.a(bitarray.c.obj)
 .text.set_clear_region
                0x0000000000101f3f       0x6c zephyr/libzephyr.a(bitarray.c.obj)
 .text.match_region
                0x0000000000101fab       0xc7 zephyr/libzephyr.a(bitarray.c.obj)
 .text.sys_bitarray_alloc
                0x0000000000102072       0xfd zephyr/libzephyr.a(bitarray.c.obj)
                0x0000000000102072                sys_bitarray_alloc
 .text.sys_bitarray_free
                0x000000000010216f       0xb4 zephyr/libzephyr.a(bitarray.c.obj)
                0x000000000010216f                sys_bitarray_free
 .text.sys_bitarray_set_region
                0x0000000000102223       0x19 zephyr/libzephyr.a(bitarray.c.obj)
                0x0000000000102223                sys_bitarray_set_region
 .text.bitmask_find_gap
                0x000000000010223c       0xb0 zephyr/libzephyr.a(bitmask.c.obj)
                0x000000000010223c                bitmask_find_gap
 .text._ConfigAbsSyms
                0x00000000001022ec        0x1 zephyr/libzephyr.a(configs.c.obj)
                0x00000000001022ec                _ConfigAbsSyms
 .text.log_msg_generic_get_wlen
                0x00000000001022ed       0x2f zephyr/libzephyr.a(log_core.c.obj)
 .text.dummy_timestamp
                0x000000000010231c        0x3 zephyr/libzephyr.a(log_core.c.obj)
 .text.default_get_timestamp
                0x000000000010231f        0x5 zephyr/libzephyr.a(log_core.c.obj)
 .text.activate_foreach_backend
                0x0000000000102324       0x7a zephyr/libzephyr.a(log_core.c.obj)
 .text.atomic_inc
                0x000000000010239e        0xc zephyr/libzephyr.a(log_core.c.obj)
 .text.enable_logger
                0x00000000001023aa       0x56 zephyr/libzephyr.a(log_core.c.obj)
 .text.default_lf_get_timestamp
                0x0000000000102400       0x11 zephyr/libzephyr.a(log_core.c.obj)
 .text.log_process_thread_timer_expiry_fn
                0x0000000000102411       0x10 zephyr/libzephyr.a(log_core.c.obj)
 .text.z_log_init
                0x0000000000102421       0xb3 zephyr/libzephyr.a(log_core.c.obj)
 .text.log_format_func_t_get
                0x00000000001024d4        0xf zephyr/libzephyr.a(log_core.c.obj)
                0x00000000001024d4                log_format_func_t_get
 .text.z_log_vprintk
                0x00000000001024e3       0x1f zephyr/libzephyr.a(log_core.c.obj)
                0x00000000001024e3                z_log_vprintk
 .text.log_set_timestamp_func
                0x0000000000102502       0x22 zephyr/libzephyr.a(log_core.c.obj)
                0x0000000000102502                log_set_timestamp_func
 .text.z_log_notify_backend_enabled
                0x0000000000102524       0x28 zephyr/libzephyr.a(log_core.c.obj)
                0x0000000000102524                z_log_notify_backend_enabled
 .text.z_log_dropped
                0x000000000010254c       0x33 zephyr/libzephyr.a(log_core.c.obj)
                0x000000000010254c                z_log_dropped
 .text.z_log_notify_drop
                0x000000000010257f       0x10 zephyr/libzephyr.a(log_core.c.obj)
 .text.z_log_dropped_read_and_clear
                0x000000000010258f        0x9 zephyr/libzephyr.a(log_core.c.obj)
                0x000000000010258f                z_log_dropped_read_and_clear
 .text.dropped_notify
                0x0000000000102598       0x3d zephyr/libzephyr.a(log_core.c.obj)
                0x0000000000102598                dropped_notify
 .text.z_log_msg_init
                0x00000000001025d5       0x20 zephyr/libzephyr.a(log_core.c.obj)
                0x00000000001025d5                z_log_msg_init
 .text.log_core_init
                0x00000000001025f5       0x6c zephyr/libzephyr.a(log_core.c.obj)
                0x00000000001025f5                log_core_init
 .text.z_log_msg_alloc
                0x0000000000102661       0x19 zephyr/libzephyr.a(log_core.c.obj)
                0x0000000000102661                z_log_msg_alloc
 .text.z_log_msg_local_claim
                0x000000000010267a       0x10 zephyr/libzephyr.a(log_core.c.obj)
                0x000000000010267a                z_log_msg_local_claim
 .text.z_log_msg_free
                0x000000000010268a       0x15 zephyr/libzephyr.a(log_core.c.obj)
                0x000000000010268a                z_log_msg_free
 .text.z_log_msg_pending
                0x000000000010269f       0x10 zephyr/libzephyr.a(log_core.c.obj)
                0x000000000010269f                z_log_msg_pending
 .text.z_impl_log_process
                0x00000000001026af       0xa7 zephyr/libzephyr.a(log_core.c.obj)
                0x00000000001026af                z_impl_log_process
 .text.z_impl_log_panic
                0x0000000000102756       0x51 zephyr/libzephyr.a(log_core.c.obj)
                0x0000000000102756                z_impl_log_panic
 .text.log_process_thread_func
                0x00000000001027a7       0xbe zephyr/libzephyr.a(log_core.c.obj)
 .text.z_log_msg_post_finalize
                0x0000000000102865       0x6d zephyr/libzephyr.a(log_core.c.obj)
 .text.z_log_msg_commit
                0x00000000001028d2       0x26 zephyr/libzephyr.a(log_core.c.obj)
                0x00000000001028d2                z_log_msg_commit
 .text.z_log_get_tag
                0x00000000001028f8        0x3 zephyr/libzephyr.a(log_core.c.obj)
                0x00000000001028f8                z_log_get_tag
 .text.log_source_name_get
                0x00000000001028fb       0x24 zephyr/libzephyr.a(log_mgmt.c.obj)
                0x00000000001028fb                log_source_name_get
 .text.log_backend_enable
                0x000000000010291f       0x24 zephyr/libzephyr.a(log_mgmt.c.obj)
                0x000000000010291f                log_backend_enable
 .text.z_cbprintf_cpy
                0x0000000000102943       0x3a zephyr/libzephyr.a(log_msg.c.obj)
 .text.z_log_msg_finalize
                0x000000000010297d       0x54 zephyr/libzephyr.a(log_msg.c.obj)
                0x000000000010297d                z_log_msg_finalize
 .text.z_log_msg_simple_create
                0x00000000001029d1       0x97 zephyr/libzephyr.a(log_msg.c.obj)
 .text.z_impl_z_log_msg_simple_create_0
                0x0000000000102a68       0x1d zephyr/libzephyr.a(log_msg.c.obj)
                0x0000000000102a68                z_impl_z_log_msg_simple_create_0
 .text.z_impl_z_log_msg_simple_create_1
                0x0000000000102a85       0x25 zephyr/libzephyr.a(log_msg.c.obj)
                0x0000000000102a85                z_impl_z_log_msg_simple_create_1
 .text.z_impl_z_log_msg_simple_create_2
                0x0000000000102aaa       0x2b zephyr/libzephyr.a(log_msg.c.obj)
                0x0000000000102aaa                z_impl_z_log_msg_simple_create_2
 .text.z_impl_z_log_msg_static_create
                0x0000000000102ad5      0x16b zephyr/libzephyr.a(log_msg.c.obj)
                0x0000000000102ad5                z_impl_z_log_msg_static_create
 .text.z_log_msg_runtime_vcreate
                0x0000000000102c40       0xf0 zephyr/libzephyr.a(log_msg.c.obj)
                0x0000000000102c40                z_log_msg_runtime_vcreate
 .text.log_msg_get_source_id
                0x0000000000102d30       0x1e zephyr/libzephyr.a(log_msg.c.obj)
                0x0000000000102d30                log_msg_get_source_id
 .text.log_output_write
                0x0000000000102d4e       0x28 zephyr/libzephyr.a(log_output.c.obj)
 .text.log_output_flush
                0x0000000000102d76       0x25 zephyr/libzephyr.a(log_output.c.obj)
 .text.print_formatted
                0x0000000000102d9b       0x1c zephyr/libzephyr.a(log_output.c.obj)
 .text.newline_print
                0x0000000000102db7       0x24 zephyr/libzephyr.a(log_output.c.obj)
 .text.out_func
                0x0000000000102ddb       0x32 zephyr/libzephyr.a(log_output.c.obj)
 .text.cr_out_func
                0x0000000000102e0d       0x2c zephyr/libzephyr.a(log_output.c.obj)
 .text.log_output_process
                0x0000000000102e39      0x365 zephyr/libzephyr.a(log_output.c.obj)
                0x0000000000102e39                log_output_process
 .text.log_output_msg_process
                0x000000000010319e       0x87 zephyr/libzephyr.a(log_output.c.obj)
                0x000000000010319e                log_output_msg_process
 .text.log_output_dropped_process
                0x0000000000103225       0x83 zephyr/libzephyr.a(log_output.c.obj)
                0x0000000000103225                log_output_dropped_process
 .text.log_output_timestamp_freq_set
                0x00000000001032a8       0x39 zephyr/libzephyr.a(log_output.c.obj)
                0x00000000001032a8                log_output_timestamp_freq_set
 .text.format_set
                0x00000000001032e1       0x18 zephyr/libzephyr.a(log_backend_uart.c.obj)
 .text.log_backend_uart_init
                0x00000000001032f9       0x15 zephyr/libzephyr.a(log_backend_uart.c.obj)
 .text.panic    0x000000000010330e       0x54 zephyr/libzephyr.a(log_backend_uart.c.obj)
 .text.dropped  0x0000000000103362       0x16 zephyr/libzephyr.a(log_backend_uart.c.obj)
 .text.process  0x0000000000103378       0x2d zephyr/libzephyr.a(log_backend_uart.c.obj)
 .text.char_out
                0x00000000001033a5       0x31 zephyr/libzephyr.a(log_backend_uart.c.obj)
 .text.sys_trace_idle
                0x00000000001033d6        0x1 zephyr/libzephyr.a(tracing_none.c.obj)
                0x00000000001033d6                sys_trace_idle
 .text.sched_diag_reset
                0x00000000001033d7       0x31 zephyr/libzephyr.a(sched_diag.c.obj)
                0x00000000001033d7                sched_diag_reset
 .text.sched_diag_get
                0x0000000000103408       0x28 zephyr/libzephyr.a(sched_diag.c.obj)
                0x0000000000103408                sched_diag_get
 .text.sched_diag_on_enqueue
                0x0000000000103430       0x23 zephyr/libzephyr.a(sched_diag.c.obj)
                0x0000000000103430                sched_diag_on_enqueue
 .text.sched_diag_on_dequeue
                0x0000000000103453       0x1a zephyr/libzephyr.a(sched_diag.c.obj)
                0x0000000000103453                sched_diag_on_dequeue
 .text.sched_diag_on_context_switch
                0x000000000010346d       0x41 zephyr/libzephyr.a(sched_diag.c.obj)
                0x000000000010346d                sched_diag_on_context_switch
 .text.arch_early_memset
                0x00000000001034ae       0x12 zephyr/arch/common/libarch__common.a(init.c.obj)
                0x00000000001034ae                arch_early_memset
 .text.arch_bss_zero
                0x00000000001034c0       0x1f zephyr/arch/common/libarch__common.a(init.c.obj)
                0x00000000001034c0                arch_bss_zero
 .text.arch_cpu_idle
                0x00000000001034df        0xc zephyr/arch/arch/x86/core/libarch__x86__core.a(cpuhalt.c.obj)
                0x00000000001034df                arch_cpu_idle
 .text.z_prep_c
                0x00000000001034eb       0x3c zephyr/arch/arch/x86/core/libarch__x86__core.a(prep_c.c.obj)
                0x00000000001034eb                z_prep_c
 .text.print_trace_address
                0x0000000000103527       0x29 zephyr/arch/arch/x86/core/libarch__x86__core.a(fatal.c.obj)
 .text.z_log_msg_simple_create_0.constprop.0
                0x0000000000103550       0x11 zephyr/arch/arch/x86/core/libarch__x86__core.a(fatal.c.obj)
 .text.arch_system_halt
                0x0000000000103561        0x8 zephyr/arch/arch/x86/core/libarch__x86__core.a(fatal.c.obj)
                0x0000000000103561                arch_system_halt
 .text.z_x86_check_stack_bounds
                0x0000000000103569       0x49 zephyr/arch/arch/x86/core/libarch__x86__core.a(fatal.c.obj)
                0x0000000000103569                z_x86_check_stack_bounds
 .text.walk_stackframe.constprop.0
                0x00000000001035b2       0xcc zephyr/arch/arch/x86/core/libarch__x86__core.a(fatal.c.obj)
 .text.z_x86_fatal_error
                0x000000000010367e      0x179 zephyr/arch/arch/x86/core/libarch__x86__core.a(fatal.c.obj)
                0x000000000010367e                z_x86_fatal_error
 .text.z_x86_unhandled_cpu_exception
                0x00000000001037f7       0xe9 zephyr/arch/arch/x86/core/libarch__x86__core.a(fatal.c.obj)
                0x00000000001037f7                z_x86_unhandled_cpu_exception
 .text.z_x86_page_fault_handler
                0x00000000001038e0      0x15c zephyr/arch/arch/x86/core/libarch__x86__core.a(fatal.c.obj)
                0x00000000001038e0                z_x86_page_fault_handler
 .text.z_x86_do_kernel_oops
                0x0000000000103a3c       0x10 zephyr/arch/arch/x86/core/libarch__x86__core.a(fatal.c.obj)
                0x0000000000103a3c                z_x86_do_kernel_oops
 .text.z_multiboot_init
                0x0000000000103a4c      0x175 zephyr/arch/arch/x86/core/libarch__x86__core.a(multiboot.c.obj)
                0x0000000000103a4c                z_multiboot_init
 .text.mark_addr_page_reserved
                0x0000000000103bc1       0x38 zephyr/arch/arch/x86/core/libarch__x86__core.a(x86_mmu.c.obj)
 .text.str_append
                0x0000000000103bf9       0x34 zephyr/arch/arch/x86/core/libarch__x86__core.a(x86_mmu.c.obj)
 .text.pentry_get
                0x0000000000103c2d       0x6e zephyr/arch/arch/x86/core/libarch__x86__core.a(x86_mmu.c.obj)
 .text.page_map_set.constprop.0
                0x0000000000103c9b      0x180 zephyr/arch/arch/x86/core/libarch__x86__core.a(x86_mmu.c.obj)
 .text.z_x86_dump_mmu_flags
                0x0000000000103e1b      0x242 zephyr/arch/arch/x86/core/libarch__x86__core.a(x86_mmu.c.obj)
                0x0000000000103e1b                z_x86_dump_mmu_flags
 .text.arch_mem_map
                0x000000000010405d       0xa2 zephyr/arch/arch/x86/core/libarch__x86__core.a(x86_mmu.c.obj)
                0x000000000010405d                arch_mem_map
 .text.z_x86_mmu_init
                0x00000000001040ff        0x1 zephyr/arch/arch/x86/core/libarch__x86__core.a(x86_mmu.c.obj)
                0x00000000001040ff                z_x86_mmu_init
 .text.arch_reserved_pages_update
                0x0000000000104100       0x33 zephyr/arch/arch/x86/core/libarch__x86__core.a(x86_mmu.c.obj)
                0x0000000000104100                arch_reserved_pages_update
 .text.arch_printk_char_out
                0x0000000000104133       0x44 zephyr/arch/arch/x86/core/libarch__x86__core.a(early_serial.c.obj)
                0x0000000000104133                arch_printk_char_out
 .text.z_x86_early_serial_init
                0x0000000000104177       0x5f zephyr/arch/arch/x86/core/libarch__x86__core.a(early_serial.c.obj)
                0x0000000000104177                z_x86_early_serial_init
 .text.arch_tls_stack_setup
                0x00000000001041d6       0x3e zephyr/arch/arch/x86/core/libarch__x86__core.a(tls.c.obj)
                0x00000000001041d6                arch_tls_stack_setup
 .text._exception_enter
                0x0000000000104214       0x2c zephyr/arch/arch/x86/core/libarch__x86__core.a(excstub.S.obj)
                0x0000000000104214                _exception_enter
 .text._kernel_oops_handler
                0x0000000000104240       0x10 zephyr/arch/arch/x86/core/libarch__x86__core.a(excstub.S.obj)
                0x0000000000104240                _kernel_oops_handler
 .text._interrupt_enter
                0x0000000000104250       0x5e zephyr/arch/arch/x86/core/libarch__x86__core.a(intstub.S.obj)
                0x0000000000104250                _interrupt_enter
 .text.z_SpuriousIntNoErrCodeHandler
                0x00000000001042ae        0x6 zephyr/arch/arch/x86/core/libarch__x86__core.a(intstub.S.obj)
                0x00000000001042ae                z_SpuriousIntNoErrCodeHandler
 .text.z_SpuriousIntHandler
                0x00000000001042b4       0x18 zephyr/arch/arch/x86/core/libarch__x86__core.a(intstub.S.obj)
                0x00000000001042b4                z_SpuriousIntHandler
 .text.arch_swap
                0x00000000001042cc       0x38 zephyr/arch/arch/x86/core/libarch__x86__core.a(swap.S.obj)
                0x00000000001042cc                arch_swap
 .text.z_x86_thread_entry_wrapper
                0x0000000000104304        0x9 zephyr/arch/arch/x86/core/libarch__x86__core.a(swap.S.obj)
                0x0000000000104304                z_x86_thread_entry_wrapper
 .text.arch_coprocessors_disable
                0x000000000010430d        0x6 zephyr/arch/arch/x86/core/libarch__x86__core.a(thread.c.obj)
                0x000000000010430d                arch_coprocessors_disable
 .text.arch_new_thread
                0x0000000000104313       0x45 zephyr/arch/arch/x86/core/libarch__x86__core.a(thread.c.obj)
                0x0000000000104313                arch_new_thread
 .text.z_x86_tls_update_gdt
                0x0000000000104358       0x2b zephyr/arch/arch/x86/core/libarch__x86__core.a(tls.c.obj)
                0x0000000000104358                z_x86_tls_update_gdt
 .text.z_x86_early_tls_update_gdt
                0x0000000000104383       0x2f zephyr/arch/arch/x86/core/libarch__x86__core.a(tls.c.obj)
                0x0000000000104383                z_x86_early_tls_update_gdt
 .text.z_x86_spurious_irq
                0x00000000001043b2       0x2b zephyr/arch/arch/x86/core/libarch__x86__core.a(fatal.c.obj)
                0x00000000001043b2                z_x86_spurious_irq
 .text.handle_exc_0
                0x00000000001043dd        0xd zephyr/arch/arch/x86/core/libarch__x86__core.a(fatal.c.obj)
 .text.handle_exc_2
                0x00000000001043ea        0xd zephyr/arch/arch/x86/core/libarch__x86__core.a(fatal.c.obj)
 .text.handle_exc_4
                0x00000000001043f7        0xd zephyr/arch/arch/x86/core/libarch__x86__core.a(fatal.c.obj)
 .text.handle_exc_5
                0x0000000000104404        0xd zephyr/arch/arch/x86/core/libarch__x86__core.a(fatal.c.obj)
 .text.handle_exc_6
                0x0000000000104411        0xd zephyr/arch/arch/x86/core/libarch__x86__core.a(fatal.c.obj)
 .text.handle_exc_7
                0x000000000010441e        0xd zephyr/arch/arch/x86/core/libarch__x86__core.a(fatal.c.obj)
 .text.handle_exc_8
                0x000000000010442b        0xd zephyr/arch/arch/x86/core/libarch__x86__core.a(fatal.c.obj)
 .text.handle_exc_10
                0x0000000000104438        0xd zephyr/arch/arch/x86/core/libarch__x86__core.a(fatal.c.obj)
 .text.handle_exc_11
                0x0000000000104445        0xd zephyr/arch/arch/x86/core/libarch__x86__core.a(fatal.c.obj)
 .text.handle_exc_12
                0x0000000000104452        0xd zephyr/arch/arch/x86/core/libarch__x86__core.a(fatal.c.obj)
 .text.handle_exc_13
                0x000000000010445f        0xd zephyr/arch/arch/x86/core/libarch__x86__core.a(fatal.c.obj)
 .text.handle_exc_16
                0x000000000010446c        0xd zephyr/arch/arch/x86/core/libarch__x86__core.a(fatal.c.obj)
 .text.handle_exc_17
                0x0000000000104479        0xd zephyr/arch/arch/x86/core/libarch__x86__core.a(fatal.c.obj)
 .text.handle_exc_18
                0x0000000000104486        0xd zephyr/arch/arch/x86/core/libarch__x86__core.a(fatal.c.obj)
 .text.handle_exc_21
                0x0000000000104493        0xd zephyr/arch/arch/x86/core/libarch__x86__core.a(fatal.c.obj)
 .text.cbputc   0x00000000001044a0       0x17 zephyr/lib/libc/picolibc/liblib__libc__picolibc.a(cbprintf.c.obj)
 .text.cbvprintf
                0x00000000001044b7       0x41 zephyr/lib/libc/picolibc/liblib__libc__picolibc.a(cbprintf.c.obj)
                0x00000000001044b7                cbvprintf
 .text.z_impl_zephyr_fputc
                0x00000000001044f8       0x11 zephyr/lib/libc/picolibc/liblib__libc__picolibc.a(stdio.c.obj)
                0x00000000001044f8                z_impl_zephyr_fputc
 .text.picolibc_put
                0x0000000000104509       0x18 zephyr/lib/libc/picolibc/liblib__libc__picolibc.a(stdio.c.obj)
 .text.__stdout_hook_install
                0x0000000000104521       0x14 zephyr/lib/libc/picolibc/liblib__libc__picolibc.a(stdio.c.obj)
                0x0000000000104521                __stdout_hook_install
 .text.malloc_prepare
                0x0000000000104535       0x1e zephyr/lib/libc/common/liblib__libc__common.a(malloc.c.obj)
 .text.z_impl_sys_rand_get
                0x0000000000104553       0x8c zephyr/subsys/random/libsubsys__random.a(random_timer.c.obj)
                0x0000000000104553                z_impl_sys_rand_get
 .text.__IoApicGet
                0x00000000001045df       0x1e zephyr/drivers/interrupt_controller/libdrivers__interrupt_controller.a(intc_ioapic.c.obj)
 .text.__IoApicSet
                0x00000000001045fd       0x24 zephyr/drivers/interrupt_controller/libdrivers__interrupt_controller.a(intc_ioapic.c.obj)
 .text.IoApicRedUpdateLo
                0x0000000000104621       0x28 zephyr/drivers/interrupt_controller/libdrivers__interrupt_controller.a(intc_ioapic.c.obj)
 .text.ioapic_init
                0x0000000000104649       0x6a zephyr/drivers/interrupt_controller/libdrivers__interrupt_controller.a(intc_ioapic.c.obj)
                0x0000000000104649                ioapic_init
 .text.z_ioapic_num_rtes
                0x00000000001046b3        0x6 zephyr/drivers/interrupt_controller/libdrivers__interrupt_controller.a(intc_ioapic.c.obj)
                0x00000000001046b3                z_ioapic_num_rtes
 .text.z_ioapic_irq_enable
                0x00000000001046b9       0x13 zephyr/drivers/interrupt_controller/libdrivers__interrupt_controller.a(intc_ioapic.c.obj)
                0x00000000001046b9                z_ioapic_irq_enable
 .text.z_ioapic_irq_set
                0x00000000001046cc       0x37 zephyr/drivers/interrupt_controller/libdrivers__interrupt_controller.a(intc_ioapic.c.obj)
                0x00000000001046cc                z_ioapic_irq_set
 .text.loapic_init
                0x0000000000104703        0x3 zephyr/drivers/interrupt_controller/libdrivers__interrupt_controller.a(intc_loapic.c.obj)
 .text.z_loapic_enable
                0x0000000000104706      0x123 zephyr/drivers/interrupt_controller/libdrivers__interrupt_controller.a(intc_loapic.c.obj)
                0x0000000000104706                z_loapic_enable
 .text.z_loapic_irq_base
                0x0000000000104829        0x5 zephyr/drivers/interrupt_controller/libdrivers__interrupt_controller.a(intc_loapic.c.obj)
                0x0000000000104829                z_loapic_irq_base
 .text.z_loapic_int_vec_set
                0x000000000010482e       0x2f zephyr/drivers/interrupt_controller/libdrivers__interrupt_controller.a(intc_loapic.c.obj)
                0x000000000010482e                z_loapic_int_vec_set
 .text.z_loapic_irq_enable
                0x000000000010485d       0x30 zephyr/drivers/interrupt_controller/libdrivers__interrupt_controller.a(intc_loapic.c.obj)
                0x000000000010485d                z_loapic_irq_enable
 .text.z_irq_controller_isr_vector_get
                0x000000000010488d       0x2d zephyr/drivers/interrupt_controller/libdrivers__interrupt_controller.a(intc_loapic.c.obj)
                0x000000000010488d                z_irq_controller_isr_vector_get
 .text.z_irq_controller_irq_config
                0x00000000001048ba       0x40 zephyr/drivers/interrupt_controller/libdrivers__interrupt_controller.a(intc_system_apic.c.obj)
                0x00000000001048ba                z_irq_controller_irq_config
 .text.arch_irq_enable
                0x00000000001048fa       0x2b zephyr/drivers/interrupt_controller/libdrivers__interrupt_controller.a(intc_system_apic.c.obj)
                0x00000000001048fa                arch_irq_enable
 .text.uart_console_init
                0x0000000000104925       0x34 zephyr/drivers/console/libdrivers__console.a(uart_console.c.obj)
 .text.console_out
                0x0000000000104959       0x33 zephyr/drivers/console/libdrivers__console.a(uart_console.c.obj)
 .text.get_port
                0x000000000010498c       0x12 zephyr/drivers/serial/libdrivers__serial.a(uart_ns16550.c.obj)
 .text.uart_ns16550_config_get
                0x000000000010499e       0x2d zephyr/drivers/serial/libdrivers__serial.a(uart_ns16550.c.obj)
 .text.ns16550_outbyte.isra.0
                0x00000000001049cb       0x14 zephyr/drivers/serial/libdrivers__serial.a(uart_ns16550.c.obj)
 .text.ns16550_read_char
                0x00000000001049df       0x4a zephyr/drivers/serial/libdrivers__serial.a(uart_ns16550.c.obj)
 .text.uart_ns16550_poll_in
                0x0000000000104a29       0x1c zephyr/drivers/serial/libdrivers__serial.a(uart_ns16550.c.obj)
 .text.uart_ns16550_configure
                0x0000000000104a45      0x298 zephyr/drivers/serial/libdrivers__serial.a(uart_ns16550.c.obj)
 .text.uart_ns16550_init
                0x0000000000104cdd       0x43 zephyr/drivers/serial/libdrivers__serial.a(uart_ns16550.c.obj)
 .text.uart_ns16550_poll_out
                0x0000000000104d20       0x54 zephyr/drivers/serial/libdrivers__serial.a(uart_ns16550.c.obj)
 .text.uart_ns16550_err_check
                0x0000000000104d74       0x3c zephyr/drivers/serial/libdrivers__serial.a(uart_ns16550.c.obj)
 .text.hpet_counter_get
                0x0000000000104db0       0x2a zephyr/drivers/timer/libdrivers__timer.a(hpet.c.obj)
 .text.hpet_isr
                0x0000000000104dda       0x9b zephyr/drivers/timer/libdrivers__timer.a(hpet.c.obj)
 .text.hpet_timer_comparator_set_safe
                0x0000000000104e75       0x6c zephyr/drivers/timer/libdrivers__timer.a(hpet.c.obj)
 .text.sys_clock_driver_init
                0x0000000000104ee1       0xf5 zephyr/drivers/timer/libdrivers__timer.a(hpet.c.obj)
 .text.sys_clock_set_timeout
                0x0000000000104fd6       0x8c zephyr/drivers/timer/libdrivers__timer.a(hpet.c.obj)
                0x0000000000104fd6                sys_clock_set_timeout
 .text.sys_clock_elapsed
                0x0000000000105062       0x40 zephyr/drivers/timer/libdrivers__timer.a(hpet.c.obj)
                0x0000000000105062                sys_clock_elapsed
 .text.sys_clock_cycle_get_32
                0x00000000001050a2        0xa zephyr/drivers/timer/libdrivers__timer.a(hpet.c.obj)
                0x00000000001050a2                sys_clock_cycle_get_32
 .text.do_device_init
                0x00000000001050ac       0x3e zephyr/kernel/libkernel.a(device.c.obj)
                0x00000000001050ac                do_device_init
 .text.z_impl_device_is_ready
                0x00000000001050ea       0x24 zephyr/kernel/libkernel.a(device.c.obj)
                0x00000000001050ea                z_impl_device_is_ready
 .text.k_sys_fatal_error_handler
                0x000000000010510e       0x24 zephyr/kernel/libkernel.a(fatal.c.obj)
                0x000000000010510e                k_sys_fatal_error_handler
 .text.z_fatal_error
                0x0000000000105132      0x127 zephyr/kernel/libkernel.a(fatal.c.obj)
                0x0000000000105132                z_fatal_error
 .text.z_sys_init_run_level
                0x0000000000105259       0x3b zephyr/kernel/libkernel.a(init.c.obj)
 .text.bg_thread_main
                0x0000000000105294       0xe4 zephyr/kernel/libkernel.a(init.c.obj)
 .text.z_init_cpu
                0x0000000000105378       0x69 zephyr/kernel/libkernel.a(init.c.obj)
                0x0000000000105378                z_init_cpu
 .text.z_cstart
                0x00000000001053e1       0x8f zephyr/kernel/libkernel.a(init.c.obj)
                0x00000000001053e1                z_cstart
 .text.idle     0x0000000000105470        0xd zephyr/kernel/libkernel.a(idle.c.obj)
                0x0000000000105470                idle
 .text.adjust_owner_prio.isra.0
                0x000000000010547d       0x19 zephyr/kernel/libkernel.a(mutex.c.obj)
 .text.z_impl_k_mutex_lock
                0x0000000000105496      0x105 zephyr/kernel/libkernel.a(mutex.c.obj)
                0x0000000000105496                z_impl_k_mutex_lock
 .text.z_impl_k_mutex_unlock
                0x000000000010559b       0xce zephyr/kernel/libkernel.a(mutex.c.obj)
                0x000000000010559b                z_impl_k_mutex_unlock
 .text.unpend_thread_no_timeout
                0x0000000000105669       0x2d zephyr/kernel/libkernel.a(sem.c.obj)
 .text.z_impl_k_sem_init
                0x0000000000105696       0x37 zephyr/kernel/libkernel.a(sem.c.obj)
                0x0000000000105696                z_impl_k_sem_init
 .text.z_impl_k_sem_give
                0x00000000001056cd       0x69 zephyr/kernel/libkernel.a(sem.c.obj)
                0x00000000001056cd                z_impl_k_sem_give
 .text.z_impl_k_sem_take
                0x0000000000105736       0x53 zephyr/kernel/libkernel.a(sem.c.obj)
                0x0000000000105736                z_impl_k_sem_take
 .text.k_is_in_isr
                0x0000000000105789        0xb zephyr/kernel/libkernel.a(thread.c.obj)
                0x0000000000105789                k_is_in_isr
 .text.z_impl_k_thread_name_set
                0x0000000000105794       0x2d zephyr/kernel/libkernel.a(thread.c.obj)
                0x0000000000105794                z_impl_k_thread_name_set
 .text.k_thread_name_get
                0x00000000001057c1        0xb zephyr/kernel/libkernel.a(thread.c.obj)
                0x00000000001057c1                k_thread_name_get
 .text.z_setup_new_thread
                0x00000000001057cc       0xce zephyr/kernel/libkernel.a(thread.c.obj)
                0x00000000001057cc                z_setup_new_thread
 .text.z_impl_k_thread_create
                0x000000000010589a       0x6a zephyr/kernel/libkernel.a(thread.c.obj)
                0x000000000010589a                z_impl_k_thread_create
 .text.z_dummy_thread_init
                0x0000000000105904       0x21 zephyr/kernel/libkernel.a(thread.c.obj)
                0x0000000000105904                z_dummy_thread_init
 .text.rb_get_min
                0x0000000000105925        0xf zephyr/kernel/libkernel.a(sched.c.obj)
 .text.unpend_thread_no_timeout
                0x0000000000105934       0x2d zephyr/kernel/libkernel.a(sched.c.obj)
 .text.unready_thread
                0x0000000000105961       0xa1 zephyr/kernel/libkernel.a(sched.c.obj)
 .text.add_to_waitq_locked
                0x0000000000105a02       0x81 zephyr/kernel/libkernel.a(sched.c.obj)
 .text.add_thread_timeout
                0x0000000000105a83       0x2a zephyr/kernel/libkernel.a(sched.c.obj)
 .text.z_priq_cfs_lessthan
                0x0000000000105aad       0x28 zephyr/kernel/libkernel.a(sched.c.obj)
 .text.ready_thread
                0x0000000000105ad5       0x8f zephyr/kernel/libkernel.a(sched.c.obj)
 .text.z_priq_cfs_update_min_vruntime
                0x0000000000105b64       0x2d zephyr/kernel/libkernel.a(sched.c.obj)
                0x0000000000105b64                z_priq_cfs_update_min_vruntime
 .text.z_sched_cfs_thread_init
                0x0000000000105b91       0x21 zephyr/kernel/libkernel.a(sched.c.obj)
                0x0000000000105b91                z_sched_cfs_thread_init
 .text.z_ready_thread
                0x0000000000105bb2       0x19 zephyr/kernel/libkernel.a(sched.c.obj)
                0x0000000000105bb2                z_ready_thread
 .text.z_unpend_thread_no_timeout
                0x0000000000105bcb       0x1f zephyr/kernel/libkernel.a(sched.c.obj)
                0x0000000000105bcb                z_unpend_thread_no_timeout
 .text.z_sched_wake_thread
                0x0000000000105bea       0x34 zephyr/kernel/libkernel.a(sched.c.obj)
                0x0000000000105bea                z_sched_wake_thread
 .text.z_thread_timeout
                0x0000000000105c1e       0x15 zephyr/kernel/libkernel.a(sched.c.obj)
                0x0000000000105c1e                z_thread_timeout
 .text.z_pend_curr
                0x0000000000105c33       0x3c zephyr/kernel/libkernel.a(sched.c.obj)
                0x0000000000105c33                z_pend_curr
 .text.z_unpend1_no_timeout
                0x0000000000105c6f       0x2a zephyr/kernel/libkernel.a(sched.c.obj)
                0x0000000000105c6f                z_unpend1_no_timeout
 .text.z_thread_prio_set
                0x0000000000105c99      0x16f zephyr/kernel/libkernel.a(sched.c.obj)
                0x0000000000105c99                z_thread_prio_set
 .text.z_reschedule
                0x0000000000105e08       0x72 zephyr/kernel/libkernel.a(sched.c.obj)
                0x0000000000105e08                z_reschedule
 .text.z_reschedule_irqlock
                0x0000000000105e7a       0x29 zephyr/kernel/libkernel.a(sched.c.obj)
                0x0000000000105e7a                z_reschedule_irqlock
 .text.k_sched_lock
                0x0000000000105ea3       0x13 zephyr/kernel/libkernel.a(sched.c.obj)
                0x0000000000105ea3                k_sched_lock
 .text.k_sched_unlock
                0x0000000000105eb6       0x52 zephyr/kernel/libkernel.a(sched.c.obj)
                0x0000000000105eb6                k_sched_unlock
 .text.init_ready_q
                0x0000000000105f08       0x20 zephyr/kernel/libkernel.a(sched.c.obj)
                0x0000000000105f08                init_ready_q
 .text.z_sched_init
                0x0000000000105f28       0x10 zephyr/kernel/libkernel.a(sched.c.obj)
                0x0000000000105f28                z_sched_init
 .text.z_impl_k_yield
                0x0000000000105f38       0xc5 zephyr/kernel/libkernel.a(sched.c.obj)
                0x0000000000105f38                z_impl_k_yield
 .text.z_tick_sleep
                0x0000000000105ffd       0x78 zephyr/kernel/libkernel.a(sched.c.obj)
 .text.z_impl_k_sleep
                0x0000000000106075       0x48 zephyr/kernel/libkernel.a(sched.c.obj)
                0x0000000000106075                z_impl_k_sleep
 .text.z_impl_k_wakeup
                0x00000000001060bd       0x43 zephyr/kernel/libkernel.a(sched.c.obj)
                0x00000000001060bd                z_impl_k_wakeup
 .text.z_impl_k_sched_current_thread_query
                0x0000000000106100        0x6 zephyr/kernel/libkernel.a(sched.c.obj)
                0x0000000000106100                z_impl_k_sched_current_thread_query
 .text.z_thread_abort
                0x0000000000106106      0x164 zephyr/kernel/libkernel.a(sched.c.obj)
                0x0000000000106106                z_thread_abort
 .text.z_impl_k_thread_abort
                0x000000000010626a        0x5 zephyr/kernel/libkernel.a(sched.c.obj)
                0x000000000010626a                z_impl_k_thread_abort
 .text.z_priq_rb_lessthan
                0x000000000010626f       0x29 zephyr/kernel/libkernel.a(priority_queues.c.obj)
                0x000000000010626f                z_priq_rb_lessthan
 .text.first    0x0000000000106298        0xf zephyr/kernel/libkernel.a(timeout.c.obj)
 .text.next_timeout
                0x00000000001062a7       0x49 zephyr/kernel/libkernel.a(timeout.c.obj)
 .text.elapsed  0x00000000001062f0       0x11 zephyr/kernel/libkernel.a(timeout.c.obj)
 .text.remove_timeout
                0x0000000000106301       0x36 zephyr/kernel/libkernel.a(timeout.c.obj)
 .text.z_add_timeout
                0x0000000000106337      0x18c zephyr/kernel/libkernel.a(timeout.c.obj)
                0x0000000000106337                z_add_timeout
 .text.z_abort_timeout
                0x00000000001064c3       0x59 zephyr/kernel/libkernel.a(timeout.c.obj)
                0x00000000001064c3                z_abort_timeout
 .text.sys_clock_announce
                0x000000000010651c       0xd0 zephyr/kernel/libkernel.a(timeout.c.obj)
                0x000000000010651c                sys_clock_announce
 .text.sys_clock_tick_get
                0x00000000001065ec       0x23 zephyr/kernel/libkernel.a(timeout.c.obj)
                0x00000000001065ec                sys_clock_tick_get
 .text.sys_clock_tick_get_32
                0x000000000010660f        0xa zephyr/kernel/libkernel.a(timeout.c.obj)
                0x000000000010660f                sys_clock_tick_get_32
 .text.z_impl_k_uptime_ticks
                0x0000000000106619        0x5 zephyr/kernel/libkernel.a(timeout.c.obj)
                0x0000000000106619                z_impl_k_uptime_ticks
 .text.z_timer_expiration_handler
                0x000000000010661e      0x154 zephyr/kernel/libkernel.a(timer.c.obj)
                0x000000000010661e                z_timer_expiration_handler
 .text.k_timer_init
                0x0000000000106772       0x38 zephyr/kernel/libkernel.a(timer.c.obj)
                0x0000000000106772                k_timer_init
 .text.z_impl_k_timer_start
                0x00000000001067aa       0x79 zephyr/kernel/libkernel.a(timer.c.obj)
                0x00000000001067aa                z_impl_k_timer_start
 .text.z_impl_k_timer_stop
                0x0000000000106823       0x46 zephyr/kernel/libkernel.a(timer.c.obj)
                0x0000000000106823                z_impl_k_timer_stop
 .text.virt_region_free
                0x0000000000106869       0x75 zephyr/kernel/libkernel.a(mmu.c.obj)
 .text.free_page_frame_list_put
                0x00000000001068de       0x31 zephyr/kernel/libkernel.a(mmu.c.obj)
 .text.virt_region_alloc
                0x000000000010690f       0xf8 zephyr/kernel/libkernel.a(mmu.c.obj)
 .text.virt_region_align
                0x0000000000106a07        0x6 zephyr/kernel/libkernel.a(mmu.c.obj)
                0x0000000000106a07                arch_virt_region_align
 .text.k_mem_region_align
                0x0000000000106a0d       0x32 zephyr/kernel/libkernel.a(mmu.c.obj)
                0x0000000000106a0d                k_mem_region_align
 .text.k_mem_map_phys_bare
                0x0000000000106a3f       0xd5 zephyr/kernel/libkernel.a(mmu.c.obj)
                0x0000000000106a3f                k_mem_map_phys_bare
 .text.z_mem_manage_init
                0x0000000000106b14       0x77 zephyr/kernel/libkernel.a(mmu.c.obj)
                0x0000000000106b14                z_mem_manage_init
 .text.z_mem_manage_boot_finish
                0x0000000000106b8b        0x1 zephyr/kernel/libkernel.a(mmu.c.obj)
                0x0000000000106b8b                z_mem_manage_boot_finish
 .text.boot_banner
                0x0000000000106b8c       0x10 zephyr/kernel/libkernel.a(banner.c.obj)
                0x0000000000106b8c                boot_banner
 .text.strncpy  0x0000000000106b9c       0x2b /home/dylan/zephyr-sdk-0.17.4/x86_64-zephyr-elf/bin/../lib/gcc/../../picolibc/x86_64-zephyr-elf/lib/32/soft-float/libc.a(libc_string_strncpy.c.o)
                0x0000000000106b9c                strncpy
 .text.strnlen  0x0000000000106bc7       0x1d /home/dylan/zephyr-sdk-0.17.4/x86_64-zephyr-elf/bin/../lib/gcc/../../picolibc/x86_64-zephyr-elf/lib/32/soft-float/libc.a(libc_string_strnlen.c.o)
                0x0000000000106bc7                strnlen
 .text.snprintf
                0x0000000000106be4       0x5e /home/dylan/zephyr-sdk-0.17.4/x86_64-zephyr-elf/bin/../lib/gcc/../../picolibc/x86_64-zephyr-elf/lib/32/soft-float/libc.a(libc_tinystdio_snprintf.c.o)
                0x0000000000106be4                snprintf
 .text.__ultoa_invert
                0x0000000000106c42       0xe8 /home/dylan/zephyr-sdk-0.17.4/x86_64-zephyr-elf/bin/../lib/gcc/../../picolibc/x86_64-zephyr-elf/lib/32/soft-float/libc.a(libc_tinystdio_vflprintf.c.o)
 .text.__l_vfprintf
                0x0000000000106d2a      0x594 /home/dylan/zephyr-sdk-0.17.4/x86_64-zephyr-elf/bin/../lib/gcc/../../picolibc/x86_64-zephyr-elf/lib/32/soft-float/libc.a(libc_tinystdio_vflprintf.c.o)
                0x0000000000106d2a                __l_vfprintf
 .text.__file_str_put
                0x00000000001072be       0x20 /home/dylan/zephyr-sdk-0.17.4/x86_64-zephyr-elf/bin/../lib/gcc/../../picolibc/x86_64-zephyr-elf/lib/32/soft-float/libc.a(libc_tinystdio_filestrput.c.o)
                0x00000000001072be                __file_str_put
 *(SORT_BY_ALIGNMENT(.gnu.linkonce.t.*))
 *(.init)
 *(.fini)
 *(SORT_BY_ALIGNMENT(.eini))
                0x0000000000108000                . = ALIGN (0x1000)
 *fill*         0x00000000001072de      0xd22 00
                0x0000000000108000                __text_region_end = .
                0x0000000000008000                __text_region_size = (__text_region_end - __text_region_start)
                0x0000000000108000                __rodata_region_start = .

initlevel       0x0000000000108000       0x40
                0x0000000000108000                __init_start = .
                0x0000000000108000                __init_EARLY_start = .
 *(SORT_BY_NAME(SORT_BY_ALIGNMENT(.z_init_EARLY_P_?_*)))
 *(SORT_BY_NAME(SORT_BY_ALIGNMENT(.z_init_EARLY_P_??_*)))
 *(SORT_BY_NAME(SORT_BY_ALIGNMENT(.z_init_EARLY_P_???_*)))
                0x0000000000108000                __init_PRE_KERNEL_1_start = .
 *(SORT_BY_NAME(SORT_BY_ALIGNMENT(.z_init_PRE_KERNEL_1_P_?_*)))
 *(SORT_BY_NAME(SORT_BY_ALIGNMENT(.z_init_PRE_KERNEL_1_P_??_*)))
 .z_init_PRE_KERNEL_1_P_40_SUB_00011_
                0x0000000000108000        0x8 zephyr/drivers/interrupt_controller/libdrivers__interrupt_controller.a(intc_loapic.c.obj)
 .z_init_PRE_KERNEL_1_P_40_SUB_00015_
                0x0000000000108008        0x8 zephyr/drivers/interrupt_controller/libdrivers__interrupt_controller.a(intc_ioapic.c.obj)
 .z_init_PRE_KERNEL_1_P_50_SUB_00025_
                0x0000000000108010        0x8 zephyr/drivers/serial/libdrivers__serial.a(uart_ns16550.c.obj)
 .z_init_PRE_KERNEL_1_P_50_SUB_00028_
                0x0000000000108018        0x8 zephyr/drivers/serial/libdrivers__serial.a(uart_ns16550.c.obj)
 .z_init_PRE_KERNEL_1_P_60_SUB_0_
                0x0000000000108020        0x8 zephyr/drivers/console/libdrivers__console.a(uart_console.c.obj)
 *(SORT_BY_NAME(SORT_BY_ALIGNMENT(.z_init_PRE_KERNEL_1_P_???_*)))
                0x0000000000108028                __init_PRE_KERNEL_2_start = .
 *(SORT_BY_NAME(SORT_BY_ALIGNMENT(.z_init_PRE_KERNEL_2_P_?_*)))
 .z_init_PRE_KERNEL_2_P_0_SUB_0_
                0x0000000000108028        0x8 zephyr/drivers/timer/libdrivers__timer.a(hpet.c.obj)
 *(SORT_BY_NAME(SORT_BY_ALIGNMENT(.z_init_PRE_KERNEL_2_P_??_*)))
 *(SORT_BY_NAME(SORT_BY_ALIGNMENT(.z_init_PRE_KERNEL_2_P_???_*)))
                0x0000000000108030                __init_POST_KERNEL_start = .
 *(SORT_BY_NAME(SORT_BY_ALIGNMENT(.z_init_POST_KERNEL_P_?_*)))
 .z_init_POST_KERNEL_P_0_SUB_0_
                0x0000000000108030        0x8 zephyr/libzephyr.a(log_core.c.obj)
 *(SORT_BY_NAME(SORT_BY_ALIGNMENT(.z_init_POST_KERNEL_P_??_*)))
 .z_init_POST_KERNEL_P_35_SUB_0_
                0x0000000000108038        0x8 zephyr/lib/libc/common/liblib__libc__common.a(malloc.c.obj)
 *(SORT_BY_NAME(SORT_BY_ALIGNMENT(.z_init_POST_KERNEL_P_???_*)))
                0x0000000000108040                __init_APPLICATION_start = .
 *(SORT_BY_NAME(SORT_BY_ALIGNMENT(.z_init_APPLICATION_P_?_*)))
 *(SORT_BY_NAME(SORT_BY_ALIGNMENT(.z_init_APPLICATION_P_??_*)))
 *(SORT_BY_NAME(SORT_BY_ALIGNMENT(.z_init_APPLICATION_P_???_*)))
                0x0000000000108040                __init_SMP_start = .
 *(SORT_BY_NAME(SORT_BY_ALIGNMENT(.z_init_SMP_P_?_*)))
 *(SORT_BY_NAME(SORT_BY_ALIGNMENT(.z_init_SMP_P_??_*)))
 *(SORT_BY_NAME(SORT_BY_ALIGNMENT(.z_init_SMP_P_???_*)))
                0x0000000000108040                __init_end = .

device_area     0x0000000000108040       0x70
                0x0000000000108040                _device_list_start = .
 *(SORT_BY_NAME(SORT_BY_ALIGNMENT(._device.static.*_?_*)))
 *(SORT_BY_NAME(SORT_BY_ALIGNMENT(._device.static.*_??_*)))
 ._device.static.1_40_
                0x0000000000108040       0x1c zephyr/drivers/interrupt_controller/libdrivers__interrupt_controller.a(intc_ioapic.c.obj)
                0x0000000000108040                __device_dts_ord_15
 ._device.static.1_40_
                0x000000000010805c       0x1c zephyr/drivers/interrupt_controller/libdrivers__interrupt_controller.a(intc_loapic.c.obj)
                0x000000000010805c                __device_dts_ord_11
 ._device.static.1_50_
                0x0000000000108078       0x38 zephyr/drivers/serial/libdrivers__serial.a(uart_ns16550.c.obj)
                0x0000000000108078                __device_dts_ord_28
                0x0000000000108094                __device_dts_ord_25
 *(SORT_BY_NAME(SORT_BY_ALIGNMENT(._device.static.*_???_*)))
 *(SORT_BY_NAME(SORT_BY_ALIGNMENT(._device.static.*_????_*)))
 *(SORT_BY_NAME(SORT_BY_ALIGNMENT(._device.static.*_?????_*)))
                0x00000000001080b0                _device_list_end = .

initlevel_error
                0x0000000000108000        0x0
 *(SORT_BY_NAME(SORT_BY_ALIGNMENT(.z_init_*)))
                0x0000000000000001                ASSERT ((SIZEOF (initlevel_error) == 0x0), Undefined initialization levels used.)

app_shmem_regions
                0x00000000001080b0        0x0
                0x00000000001080b0                __app_shmem_regions_start = .
 *(SORT_BY_NAME(SORT_BY_ALIGNMENT(.app_regions.*)))
                0x00000000001080b0                __app_shmem_regions_end = .

k_p4wq_initparam_area
                0x00000000001080b0        0x0
                0x00000000001080b0                _k_p4wq_initparam_list_start = .
 *(SORT_BY_NAME(SORT_BY_ALIGNMENT(._k_p4wq_initparam.static.*)))
                0x00000000001080b0                _k_p4wq_initparam_list_end = .

_static_thread_data_area
                0x00000000001080b0        0x0
                0x00000000001080b0                __static_thread_data_list_start = .
 *(SORT_BY_NAME(SORT_BY_ALIGNMENT(.__static_thread_data.static.*)))
                0x00000000001080b0                __static_thread_data_list_end = .

device_deps     0x00000000001080b0        0x0
                0x00000000001080b0                __device_deps_start = .
 *(SORT_BY_NAME(SORT_BY_ALIGNMENT(.__device_deps_pass2*)))
                0x00000000001080b0                __device_deps_end = .

shared_irq_driver_api_area
                0x00000000001080b0        0x0
                0x00000000001080b0                _shared_irq_driver_api_list_start = .
 *(SORT_BY_NAME(SORT_BY_ALIGNMENT(._shared_irq_driver_api.static.*)))
                0x00000000001080b0                _shared_irq_driver_api_list_end = .

crypto_driver_api_area
                0x00000000001080b0        0x0
                0x00000000001080b0                _crypto_driver_api_list_start = .
 *(SORT_BY_NAME(SORT_BY_ALIGNMENT(._crypto_driver_api.static.*)))
                0x00000000001080b0                _crypto_driver_api_list_end = .

adc_driver_api_area
                0x00000000001080b0        0x0
                0x00000000001080b0                _adc_driver_api_list_start = .
 *(SORT_BY_NAME(SORT_BY_ALIGNMENT(._adc_driver_api.static.*)))
                0x00000000001080b0                _adc_driver_api_list_end = .

auxdisplay_driver_api_area
                0x00000000001080b0        0x0
                0x00000000001080b0                _auxdisplay_driver_api_list_start = .
 *(SORT_BY_NAME(SORT_BY_ALIGNMENT(._auxdisplay_driver_api.static.*)))
                0x00000000001080b0                _auxdisplay_driver_api_list_end = .

bbram_driver_api_area
                0x00000000001080b0        0x0
                0x00000000001080b0                _bbram_driver_api_list_start = .
 *(SORT_BY_NAME(SORT_BY_ALIGNMENT(._bbram_driver_api.static.*)))
                0x00000000001080b0                _bbram_driver_api_list_end = .

bt_hci_driver_api_area
                0x00000000001080b0        0x0
                0x00000000001080b0                _bt_hci_driver_api_list_start = .
 *(SORT_BY_NAME(SORT_BY_ALIGNMENT(._bt_hci_driver_api.static.*)))
                0x00000000001080b0                _bt_hci_driver_api_list_end = .

can_driver_api_area
                0x00000000001080b0        0x0
                0x00000000001080b0                _can_driver_api_list_start = .
 *(SORT_BY_NAME(SORT_BY_ALIGNMENT(._can_driver_api.static.*)))
                0x00000000001080b0                _can_driver_api_list_end = .

cellular_driver_api_area
                0x00000000001080b0        0x0
                0x00000000001080b0                _cellular_driver_api_list_start = .
 *(SORT_BY_NAME(SORT_BY_ALIGNMENT(._cellular_driver_api.static.*)))
                0x00000000001080b0                _cellular_driver_api_list_end = .

charger_driver_api_area
                0x00000000001080b0        0x0
                0x00000000001080b0                _charger_driver_api_list_start = .
 *(SORT_BY_NAME(SORT_BY_ALIGNMENT(._charger_driver_api.static.*)))
                0x00000000001080b0                _charger_driver_api_list_end = .

clock_control_driver_api_area
                0x00000000001080b0        0x0
                0x00000000001080b0                _clock_control_driver_api_list_start = .
 *(SORT_BY_NAME(SORT_BY_ALIGNMENT(._clock_control_driver_api.static.*)))
                0x00000000001080b0                _clock_control_driver_api_list_end = .

comparator_driver_api_area
                0x00000000001080b0        0x0
                0x00000000001080b0                _comparator_driver_api_list_start = .
 *(SORT_BY_NAME(SORT_BY_ALIGNMENT(._comparator_driver_api.static.*)))
                0x00000000001080b0                _comparator_driver_api_list_end = .

coredump_driver_api_area
                0x00000000001080b0        0x0
                0x00000000001080b0                _coredump_driver_api_list_start = .
 *(SORT_BY_NAME(SORT_BY_ALIGNMENT(._coredump_driver_api.static.*)))
                0x00000000001080b0                _coredump_driver_api_list_end = .

counter_driver_api_area
                0x00000000001080b0        0x0
                0x00000000001080b0                _counter_driver_api_list_start = .
 *(SORT_BY_NAME(SORT_BY_ALIGNMENT(._counter_driver_api.static.*)))
                0x00000000001080b0                _counter_driver_api_list_end = .

crc_driver_api_area
                0x00000000001080b0        0x0
                0x00000000001080b0                _crc_driver_api_list_start = .
 *(SORT_BY_NAME(SORT_BY_ALIGNMENT(._crc_driver_api.static.*)))
                0x00000000001080b0                _crc_driver_api_list_end = .

dac_driver_api_area
                0x00000000001080b0        0x0
                0x00000000001080b0                _dac_driver_api_list_start = .
 *(SORT_BY_NAME(SORT_BY_ALIGNMENT(._dac_driver_api.static.*)))
                0x00000000001080b0                _dac_driver_api_list_end = .

dai_driver_api_area
                0x00000000001080b0        0x0
                0x00000000001080b0                _dai_driver_api_list_start = .
 *(SORT_BY_NAME(SORT_BY_ALIGNMENT(._dai_driver_api.static.*)))
                0x00000000001080b0                _dai_driver_api_list_end = .

display_driver_api_area
                0x00000000001080b0        0x0
                0x00000000001080b0                _display_driver_api_list_start = .
 *(SORT_BY_NAME(SORT_BY_ALIGNMENT(._display_driver_api.static.*)))
                0x00000000001080b0                _display_driver_api_list_end = .

dma_driver_api_area
                0x00000000001080b0        0x0
                0x00000000001080b0                _dma_driver_api_list_start = .
 *(SORT_BY_NAME(SORT_BY_ALIGNMENT(._dma_driver_api.static.*)))
                0x00000000001080b0                _dma_driver_api_list_end = .

edac_driver_api_area
                0x00000000001080b0        0x0
                0x00000000001080b0                _edac_driver_api_list_start = .
 *(SORT_BY_NAME(SORT_BY_ALIGNMENT(._edac_driver_api.static.*)))
                0x00000000001080b0                _edac_driver_api_list_end = .

eeprom_driver_api_area
                0x00000000001080b0        0x0
                0x00000000001080b0                _eeprom_driver_api_list_start = .
 *(SORT_BY_NAME(SORT_BY_ALIGNMENT(._eeprom_driver_api.static.*)))
                0x00000000001080b0                _eeprom_driver_api_list_end = .

emul_bbram_driver_api_area
                0x00000000001080b0        0x0
                0x00000000001080b0                _emul_bbram_driver_api_list_start = .
 *(SORT_BY_NAME(SORT_BY_ALIGNMENT(._emul_bbram_driver_api.static.*)))
                0x00000000001080b0                _emul_bbram_driver_api_list_end = .

fuel_gauge_emul_driver_api_area
                0x00000000001080b0        0x0
                0x00000000001080b0                _fuel_gauge_emul_driver_api_list_start = .
 *(SORT_BY_NAME(SORT_BY_ALIGNMENT(._fuel_gauge_emul_driver_api.static.*)))
                0x00000000001080b0                _fuel_gauge_emul_driver_api_list_end = .

emul_sensor_driver_api_area
                0x00000000001080b0        0x0
                0x00000000001080b0                _emul_sensor_driver_api_list_start = .
 *(SORT_BY_NAME(SORT_BY_ALIGNMENT(._emul_sensor_driver_api.static.*)))
                0x00000000001080b0                _emul_sensor_driver_api_list_end = .

entropy_driver_api_area
                0x00000000001080b0        0x0
                0x00000000001080b0                _entropy_driver_api_list_start = .
 *(SORT_BY_NAME(SORT_BY_ALIGNMENT(._entropy_driver_api.static.*)))
                0x00000000001080b0                _entropy_driver_api_list_end = .

espi_driver_api_area
                0x00000000001080b0        0x0
                0x00000000001080b0                _espi_driver_api_list_start = .
 *(SORT_BY_NAME(SORT_BY_ALIGNMENT(._espi_driver_api.static.*)))
                0x00000000001080b0                _espi_driver_api_list_end = .

espi_saf_driver_api_area
                0x00000000001080b0        0x0
                0x00000000001080b0                _espi_saf_driver_api_list_start = .
 *(SORT_BY_NAME(SORT_BY_ALIGNMENT(._espi_saf_driver_api.static.*)))
                0x00000000001080b0                _espi_saf_driver_api_list_end = .

flash_driver_api_area
                0x00000000001080b0        0x0
                0x00000000001080b0                _flash_driver_api_list_start = .
 *(SORT_BY_NAME(SORT_BY_ALIGNMENT(._flash_driver_api.static.*)))
                0x00000000001080b0                _flash_driver_api_list_end = .

fpga_driver_api_area
                0x00000000001080b0        0x0
                0x00000000001080b0                _fpga_driver_api_list_start = .
 *(SORT_BY_NAME(SORT_BY_ALIGNMENT(._fpga_driver_api.static.*)))
                0x00000000001080b0                _fpga_driver_api_list_end = .

fuel_gauge_driver_api_area
                0x00000000001080b0        0x0
                0x00000000001080b0                _fuel_gauge_driver_api_list_start = .
 *(SORT_BY_NAME(SORT_BY_ALIGNMENT(._fuel_gauge_driver_api.static.*)))
                0x00000000001080b0                _fuel_gauge_driver_api_list_end = .

gnss_driver_api_area
                0x00000000001080b0        0x0
                0x00000000001080b0                _gnss_driver_api_list_start = .
 *(SORT_BY_NAME(SORT_BY_ALIGNMENT(._gnss_driver_api.static.*)))
                0x00000000001080b0                _gnss_driver_api_list_end = .

gpio_driver_api_area
                0x00000000001080b0        0x0
                0x00000000001080b0                _gpio_driver_api_list_start = .
 *(SORT_BY_NAME(SORT_BY_ALIGNMENT(._gpio_driver_api.static.*)))
                0x00000000001080b0                _gpio_driver_api_list_end = .

haptics_driver_api_area
                0x00000000001080b0        0x0
                0x00000000001080b0                _haptics_driver_api_list_start = .
 *(SORT_BY_NAME(SORT_BY_ALIGNMENT(._haptics_driver_api.static.*)))
                0x00000000001080b0                _haptics_driver_api_list_end = .

hwspinlock_driver_api_area
                0x00000000001080b0        0x0
                0x00000000001080b0                _hwspinlock_driver_api_list_start = .
 *(SORT_BY_NAME(SORT_BY_ALIGNMENT(._hwspinlock_driver_api.static.*)))
                0x00000000001080b0                _hwspinlock_driver_api_list_end = .

i2c_driver_api_area
                0x00000000001080b0        0x0
                0x00000000001080b0                _i2c_driver_api_list_start = .
 *(SORT_BY_NAME(SORT_BY_ALIGNMENT(._i2c_driver_api.static.*)))
                0x00000000001080b0                _i2c_driver_api_list_end = .

i2c_target_driver_api_area
                0x00000000001080b0        0x0
                0x00000000001080b0                _i2c_target_driver_api_list_start = .
 *(SORT_BY_NAME(SORT_BY_ALIGNMENT(._i2c_target_driver_api.static.*)))
                0x00000000001080b0                _i2c_target_driver_api_list_end = .

i2s_driver_api_area
                0x00000000001080b0        0x0
                0x00000000001080b0                _i2s_driver_api_list_start = .
 *(SORT_BY_NAME(SORT_BY_ALIGNMENT(._i2s_driver_api.static.*)))
                0x00000000001080b0                _i2s_driver_api_list_end = .

i3c_driver_api_area
                0x00000000001080b0        0x0
                0x00000000001080b0                _i3c_driver_api_list_start = .
 *(SORT_BY_NAME(SORT_BY_ALIGNMENT(._i3c_driver_api.static.*)))
                0x00000000001080b0                _i3c_driver_api_list_end = .

ipm_driver_api_area
                0x00000000001080b0        0x0
                0x00000000001080b0                _ipm_driver_api_list_start = .
 *(SORT_BY_NAME(SORT_BY_ALIGNMENT(._ipm_driver_api.static.*)))
                0x00000000001080b0                _ipm_driver_api_list_end = .

led_driver_api_area
                0x00000000001080b0        0x0
                0x00000000001080b0                _led_driver_api_list_start = .
 *(SORT_BY_NAME(SORT_BY_ALIGNMENT(._led_driver_api.static.*)))
                0x00000000001080b0                _led_driver_api_list_end = .

led_strip_driver_api_area
                0x00000000001080b0        0x0
                0x00000000001080b0                _led_strip_driver_api_list_start = .
 *(SORT_BY_NAME(SORT_BY_ALIGNMENT(._led_strip_driver_api.static.*)))
                0x00000000001080b0                _led_strip_driver_api_list_end = .

lora_driver_api_area
                0x00000000001080b0        0x0
                0x00000000001080b0                _lora_driver_api_list_start = .
 *(SORT_BY_NAME(SORT_BY_ALIGNMENT(._lora_driver_api.static.*)))
                0x00000000001080b0                _lora_driver_api_list_end = .

mbox_driver_api_area
                0x00000000001080b0        0x0
                0x00000000001080b0                _mbox_driver_api_list_start = .
 *(SORT_BY_NAME(SORT_BY_ALIGNMENT(._mbox_driver_api.static.*)))
                0x00000000001080b0                _mbox_driver_api_list_end = .

mdio_driver_api_area
                0x00000000001080b0        0x0
                0x00000000001080b0                _mdio_driver_api_list_start = .
 *(SORT_BY_NAME(SORT_BY_ALIGNMENT(._mdio_driver_api.static.*)))
                0x00000000001080b0                _mdio_driver_api_list_end = .

mipi_dbi_driver_api_area
                0x00000000001080b0        0x0
                0x00000000001080b0                _mipi_dbi_driver_api_list_start = .
 *(SORT_BY_NAME(SORT_BY_ALIGNMENT(._mipi_dbi_driver_api.static.*)))
                0x00000000001080b0                _mipi_dbi_driver_api_list_end = .

mipi_dsi_driver_api_area
                0x00000000001080b0        0x0
                0x00000000001080b0                _mipi_dsi_driver_api_list_start = .
 *(SORT_BY_NAME(SORT_BY_ALIGNMENT(._mipi_dsi_driver_api.static.*)))
                0x00000000001080b0                _mipi_dsi_driver_api_list_end = .

mspi_driver_api_area
                0x00000000001080b0        0x0
                0x00000000001080b0                _mspi_driver_api_list_start = .
 *(SORT_BY_NAME(SORT_BY_ALIGNMENT(._mspi_driver_api.static.*)))
                0x00000000001080b0                _mspi_driver_api_list_end = .

opamp_driver_api_area
                0x00000000001080b0        0x0
                0x00000000001080b0                _opamp_driver_api_list_start = .
 *(SORT_BY_NAME(SORT_BY_ALIGNMENT(._opamp_driver_api.static.*)))
                0x00000000001080b0                _opamp_driver_api_list_end = .

peci_driver_api_area
                0x00000000001080b0        0x0
                0x00000000001080b0                _peci_driver_api_list_start = .
 *(SORT_BY_NAME(SORT_BY_ALIGNMENT(._peci_driver_api.static.*)))
                0x00000000001080b0                _peci_driver_api_list_end = .

ps2_driver_api_area
                0x00000000001080b0        0x0
                0x00000000001080b0                _ps2_driver_api_list_start = .
 *(SORT_BY_NAME(SORT_BY_ALIGNMENT(._ps2_driver_api.static.*)))
                0x00000000001080b0                _ps2_driver_api_list_end = .

ptp_clock_driver_api_area
                0x00000000001080b0        0x0
                0x00000000001080b0                _ptp_clock_driver_api_list_start = .
 *(SORT_BY_NAME(SORT_BY_ALIGNMENT(._ptp_clock_driver_api.static.*)))
                0x00000000001080b0                _ptp_clock_driver_api_list_end = .

pwm_driver_api_area
                0x00000000001080b0        0x0
                0x00000000001080b0                _pwm_driver_api_list_start = .
 *(SORT_BY_NAME(SORT_BY_ALIGNMENT(._pwm_driver_api.static.*)))
                0x00000000001080b0                _pwm_driver_api_list_end = .

regulator_parent_driver_api_area
                0x00000000001080b0        0x0
                0x00000000001080b0                _regulator_parent_driver_api_list_start = .
 *(SORT_BY_NAME(SORT_BY_ALIGNMENT(._regulator_parent_driver_api.static.*)))
                0x00000000001080b0                _regulator_parent_driver_api_list_end = .

regulator_driver_api_area
                0x00000000001080b0        0x0
                0x00000000001080b0                _regulator_driver_api_list_start = .
 *(SORT_BY_NAME(SORT_BY_ALIGNMENT(._regulator_driver_api.static.*)))
                0x00000000001080b0                _regulator_driver_api_list_end = .

reset_driver_api_area
                0x00000000001080b0        0x0
                0x00000000001080b0                _reset_driver_api_list_start = .
 *(SORT_BY_NAME(SORT_BY_ALIGNMENT(._reset_driver_api.static.*)))
                0x00000000001080b0                _reset_driver_api_list_end = .

retained_mem_driver_api_area
                0x00000000001080b0        0x0
                0x00000000001080b0                _retained_mem_driver_api_list_start = .
 *(SORT_BY_NAME(SORT_BY_ALIGNMENT(._retained_mem_driver_api.static.*)))
                0x00000000001080b0                _retained_mem_driver_api_list_end = .

rtc_driver_api_area
                0x00000000001080b0        0x0
                0x00000000001080b0                _rtc_driver_api_list_start = .
 *(SORT_BY_NAME(SORT_BY_ALIGNMENT(._rtc_driver_api.static.*)))
                0x00000000001080b0                _rtc_driver_api_list_end = .

sdhc_driver_api_area
                0x00000000001080b0        0x0
                0x00000000001080b0                _sdhc_driver_api_list_start = .
 *(SORT_BY_NAME(SORT_BY_ALIGNMENT(._sdhc_driver_api.static.*)))
                0x00000000001080b0                _sdhc_driver_api_list_end = .

sensor_driver_api_area
                0x00000000001080b0        0x0
                0x00000000001080b0                _sensor_driver_api_list_start = .
 *(SORT_BY_NAME(SORT_BY_ALIGNMENT(._sensor_driver_api.static.*)))
                0x00000000001080b0                _sensor_driver_api_list_end = .

smbus_driver_api_area
                0x00000000001080b0        0x0
                0x00000000001080b0                _smbus_driver_api_list_start = .
 *(SORT_BY_NAME(SORT_BY_ALIGNMENT(._smbus_driver_api.static.*)))
                0x00000000001080b0                _smbus_driver_api_list_end = .

spi_driver_api_area
                0x00000000001080b0        0x0
                0x00000000001080b0                _spi_driver_api_list_start = .
 *(SORT_BY_NAME(SORT_BY_ALIGNMENT(._spi_driver_api.static.*)))
                0x00000000001080b0                _spi_driver_api_list_end = .

stepper_driver_api_area
                0x00000000001080b0        0x0
                0x00000000001080b0                _stepper_driver_api_list_start = .
 *(SORT_BY_NAME(SORT_BY_ALIGNMENT(._stepper_driver_api.static.*)))
                0x00000000001080b0                _stepper_driver_api_list_end = .

syscon_driver_api_area
                0x00000000001080b0        0x0
                0x00000000001080b0                _syscon_driver_api_list_start = .
 *(SORT_BY_NAME(SORT_BY_ALIGNMENT(._syscon_driver_api.static.*)))
                0x00000000001080b0                _syscon_driver_api_list_end = .

tee_driver_api_area
                0x00000000001080b0        0x0
                0x00000000001080b0                _tee_driver_api_list_start = .
 *(SORT_BY_NAME(SORT_BY_ALIGNMENT(._tee_driver_api.static.*)))
                0x00000000001080b0                _tee_driver_api_list_end = .

video_driver_api_area
                0x00000000001080b0        0x0
                0x00000000001080b0                _video_driver_api_list_start = .
 *(SORT_BY_NAME(SORT_BY_ALIGNMENT(._video_driver_api.static.*)))
                0x00000000001080b0                _video_driver_api_list_end = .

virtio_driver_api_area
                0x00000000001080b0        0x0
                0x00000000001080b0                _virtio_driver_api_list_start = .
 *(SORT_BY_NAME(SORT_BY_ALIGNMENT(._virtio_driver_api.static.*)))
                0x00000000001080b0                _virtio_driver_api_list_end = .

w1_driver_api_area
                0x00000000001080b0        0x0
                0x00000000001080b0                _w1_driver_api_list_start = .
 *(SORT_BY_NAME(SORT_BY_ALIGNMENT(._w1_driver_api.static.*)))
                0x00000000001080b0                _w1_driver_api_list_end = .

wdt_driver_api_area
                0x00000000001080b0        0x0
                0x00000000001080b0                _wdt_driver_api_list_start = .
 *(SORT_BY_NAME(SORT_BY_ALIGNMENT(._wdt_driver_api.static.*)))
                0x00000000001080b0                _wdt_driver_api_list_end = .

can_transceiver_driver_api_area
                0x00000000001080b0        0x0
                0x00000000001080b0                _can_transceiver_driver_api_list_start = .
 *(SORT_BY_NAME(SORT_BY_ALIGNMENT(._can_transceiver_driver_api.static.*)))
                0x00000000001080b0                _can_transceiver_driver_api_list_end = .

nrf_clock_control_driver_api_area
                0x00000000001080b0        0x0
                0x00000000001080b0                _nrf_clock_control_driver_api_list_start = .
 *(SORT_BY_NAME(SORT_BY_ALIGNMENT(._nrf_clock_control_driver_api.static.*)))
                0x00000000001080b0                _nrf_clock_control_driver_api_list_end = .

i3c_target_driver_api_area
                0x00000000001080b0        0x0
                0x00000000001080b0                _i3c_target_driver_api_list_start = .
 *(SORT_BY_NAME(SORT_BY_ALIGNMENT(._i3c_target_driver_api.static.*)))
                0x00000000001080b0                _i3c_target_driver_api_list_end = .

its_driver_api_area
                0x00000000001080b0        0x0
                0x00000000001080b0                _its_driver_api_list_start = .
 *(SORT_BY_NAME(SORT_BY_ALIGNMENT(._its_driver_api.static.*)))
                0x00000000001080b0                _its_driver_api_list_end = .

vtd_driver_api_area
                0x00000000001080b0        0x0
                0x00000000001080b0                _vtd_driver_api_list_start = .
 *(SORT_BY_NAME(SORT_BY_ALIGNMENT(._vtd_driver_api.static.*)))
                0x00000000001080b0                _vtd_driver_api_list_end = .

renesas_elc_driver_api_area
                0x00000000001080b0        0x0
                0x00000000001080b0                _renesas_elc_driver_api_list_start = .
 *(SORT_BY_NAME(SORT_BY_ALIGNMENT(._renesas_elc_driver_api.static.*)))
                0x00000000001080b0                _renesas_elc_driver_api_list_end = .

tgpio_driver_api_area
                0x00000000001080b0        0x0
                0x00000000001080b0                _tgpio_driver_api_list_start = .
 *(SORT_BY_NAME(SORT_BY_ALIGNMENT(._tgpio_driver_api.static.*)))
                0x00000000001080b0                _tgpio_driver_api_list_end = .

pcie_ctrl_driver_api_area
                0x00000000001080b0        0x0
                0x00000000001080b0                _pcie_ctrl_driver_api_list_start = .
 *(SORT_BY_NAME(SORT_BY_ALIGNMENT(._pcie_ctrl_driver_api.static.*)))
                0x00000000001080b0                _pcie_ctrl_driver_api_list_end = .

pcie_ep_driver_api_area
                0x00000000001080b0        0x0
                0x00000000001080b0                _pcie_ep_driver_api_list_start = .
 *(SORT_BY_NAME(SORT_BY_ALIGNMENT(._pcie_ep_driver_api.static.*)))
                0x00000000001080b0                _pcie_ep_driver_api_list_end = .

psi5_driver_api_area
                0x00000000001080b0        0x0
                0x00000000001080b0                _psi5_driver_api_list_start = .
 *(SORT_BY_NAME(SORT_BY_ALIGNMENT(._psi5_driver_api.static.*)))
                0x00000000001080b0                _psi5_driver_api_list_end = .

sent_driver_api_area
                0x00000000001080b0        0x0
                0x00000000001080b0                _sent_driver_api_list_start = .
 *(SORT_BY_NAME(SORT_BY_ALIGNMENT(._sent_driver_api.static.*)))
                0x00000000001080b0                _sent_driver_api_list_end = .

svc_driver_api_area
                0x00000000001080b0        0x0
                0x00000000001080b0                _svc_driver_api_list_start = .
 *(SORT_BY_NAME(SORT_BY_ALIGNMENT(._svc_driver_api.static.*)))
                0x00000000001080b0                _svc_driver_api_list_end = .

uart_driver_api_area
                0x00000000001080b0       0x14
                0x00000000001080b0                _uart_driver_api_list_start = .
 *(SORT_BY_NAME(SORT_BY_ALIGNMENT(._uart_driver_api.static.*)))
 ._uart_driver_api.static.uart_ns16550_driver_api_
                0x00000000001080b0       0x14 zephyr/drivers/serial/libdrivers__serial.a(uart_ns16550.c.obj)
                0x00000000001080c4                _uart_driver_api_list_end = .

bc12_emul_driver_api_area
                0x00000000001080c4        0x0
                0x00000000001080c4                _bc12_emul_driver_api_list_start = .
 *(SORT_BY_NAME(SORT_BY_ALIGNMENT(._bc12_emul_driver_api.static.*)))
                0x00000000001080c4                _bc12_emul_driver_api_list_end = .

bc12_driver_api_area
                0x00000000001080c4        0x0
                0x00000000001080c4                _bc12_driver_api_list_start = .
 *(SORT_BY_NAME(SORT_BY_ALIGNMENT(._bc12_driver_api.static.*)))
                0x00000000001080c4                _bc12_driver_api_list_end = .

usbc_ppc_driver_api_area
                0x00000000001080c4        0x0
                0x00000000001080c4                _usbc_ppc_driver_api_list_start = .
 *(SORT_BY_NAME(SORT_BY_ALIGNMENT(._usbc_ppc_driver_api.static.*)))
                0x00000000001080c4                _usbc_ppc_driver_api_list_end = .

tcpc_driver_api_area
                0x00000000001080c4        0x0
                0x00000000001080c4                _tcpc_driver_api_list_start = .
 *(SORT_BY_NAME(SORT_BY_ALIGNMENT(._tcpc_driver_api.static.*)))
                0x00000000001080c4                _tcpc_driver_api_list_end = .

usbc_vbus_driver_api_area
                0x00000000001080c4        0x0
                0x00000000001080c4                _usbc_vbus_driver_api_list_start = .
 *(SORT_BY_NAME(SORT_BY_ALIGNMENT(._usbc_vbus_driver_api.static.*)))
                0x00000000001080c4                _usbc_vbus_driver_api_list_end = .

ivshmem_driver_api_area
                0x00000000001080c4        0x0
                0x00000000001080c4                _ivshmem_driver_api_list_start = .
 *(SORT_BY_NAME(SORT_BY_ALIGNMENT(._ivshmem_driver_api.static.*)))
                0x00000000001080c4                _ivshmem_driver_api_list_end = .

ethphy_driver_api_area
                0x00000000001080c4        0x0
                0x00000000001080c4                _ethphy_driver_api_list_start = .
 *(SORT_BY_NAME(SORT_BY_ALIGNMENT(._ethphy_driver_api.static.*)))
                0x00000000001080c4                _ethphy_driver_api_list_end = .

ztest           0x00000000001080c4        0x0
                0x00000000001080c4                _ztest_expected_result_entry_list_start = .
 *(SORT_BY_NAME(SORT_BY_ALIGNMENT(._ztest_expected_result_entry.static.*)))
                0x00000000001080c4                _ztest_expected_result_entry_list_end = .
                0x00000000001080c4                _ztest_suite_node_list_start = .
 *(SORT_BY_NAME(SORT_BY_ALIGNMENT(._ztest_suite_node.static.*)))
                0x00000000001080c4                _ztest_suite_node_list_end = .
                0x00000000001080c4                _ztest_unit_test_list_start = .
 *(SORT_BY_NAME(SORT_BY_ALIGNMENT(._ztest_unit_test.static.*)))
                0x00000000001080c4                _ztest_unit_test_list_end = .
                0x00000000001080c4                _ztest_test_rule_list_start = .
 *(SORT_BY_NAME(SORT_BY_ALIGNMENT(._ztest_test_rule.static.*)))
                0x00000000001080c4                _ztest_test_rule_list_end = .

init_array      0x00000000001080c4        0x0
                0x00000000001080c4                __zephyr_init_array_start = .
 *(SORT_BY_INIT_PRIORITY(.init_array.*) SORT_BY_INIT_PRIORITY(.ctors.*))
 *(SORT_BY_ALIGNMENT(.init_array) SORT_BY_ALIGNMENT(.ctors))
                0x00000000001080c4                __zephyr_init_array_end = .
                0x0000000000000001                ASSERT ((__zephyr_init_array_start == __zephyr_init_array_end), GNU-style constructors required but STATIC_INIT_GNU not enabled)

bt_l2cap_fixed_chan_area
                0x00000000001080c4        0x0
                0x00000000001080c4                _bt_l2cap_fixed_chan_list_start = .
 *(SORT_BY_NAME(SORT_BY_ALIGNMENT(._bt_l2cap_fixed_chan.static.*)))
                0x00000000001080c4                _bt_l2cap_fixed_chan_list_end = .

bt_gatt_service_static_area
                0x00000000001080c4        0x0
                0x00000000001080c4                _bt_gatt_service_static_list_start = .
 *(SORT_BY_NAME(SORT_BY_ALIGNMENT(._bt_gatt_service_static.static.*)))
                0x00000000001080c4                _bt_gatt_service_static_list_end = .

log_strings_area
                0x00000000001080c4        0x0
                0x00000000001080c4                _log_strings_list_start = .
 *(SORT_BY_NAME(SORT_BY_ALIGNMENT(._log_strings.static.*)))
                0x00000000001080c4                _log_strings_list_end = .

log_stmesp_ptr_area
                0x00000000001080c4        0x0
                0x00000000001080c4                _log_stmesp_ptr_list_start = .
 *(SORT_BY_NAME(SORT_BY_ALIGNMENT(._log_stmesp_ptr.static.*)))
                0x00000000001080c4                _log_stmesp_ptr_list_end = .

log_stmesp_str_area
                0x00000000001080c4        0x0
                0x00000000001080c4                _log_stmesp_str_list_start = .
 *(SORT_BY_NAME(SORT_BY_ALIGNMENT(._log_stmesp_str.static.*)))
                0x00000000001080c4                _log_stmesp_str_list_end = .

log_const_area  0x00000000001080c4       0x38
                0x00000000001080c4                _log_const_list_start = .
 *(SORT_BY_NAME(SORT_BY_ALIGNMENT(._log_const.static.*)))
 ._log_const.static.log_const_cbprintf_package_
                0x00000000001080c4        0x8 zephyr/libzephyr.a(cbprintf_packaged.c.obj)
                0x00000000001080c4                log_const_cbprintf_package
 ._log_const.static.log_const_log_
                0x00000000001080cc        0x8 zephyr/libzephyr.a(log_core.c.obj)
                0x00000000001080cc                log_const_log
 ._log_const.static.log_const_log_mgmt_
                0x00000000001080d4        0x8 zephyr/libzephyr.a(log_mgmt.c.obj)
                0x00000000001080d4                log_const_log_mgmt
 ._log_const.static.log_const_log_uart_
                0x00000000001080dc        0x8 zephyr/libzephyr.a(log_backend_uart.c.obj)
                0x00000000001080dc                log_const_log_uart
 ._log_const.static.log_const_os_
                0x00000000001080e4        0x8 zephyr/kernel/libkernel.a(init.c.obj)
                0x00000000001080e4                log_const_os
 ._log_const.static.log_const_sys_getopt_
                0x00000000001080ec        0x8 zephyr/libzephyr.a(getopt.c.obj)
                0x00000000001080ec                log_const_sys_getopt
 ._log_const.static.log_const_uart_ns16550_
                0x00000000001080f4        0x8 zephyr/drivers/serial/libdrivers__serial.a(uart_ns16550.c.obj)
                0x00000000001080f4                log_const_uart_ns16550
                0x00000000001080fc                _log_const_list_end = .

log_backend_area
                0x00000000001080fc       0x10
                0x00000000001080fc                _log_backend_list_start = .
 *(SORT_BY_NAME(SORT_BY_ALIGNMENT(._log_backend.static.*)))
 ._log_backend.static.log_backend_uart_
                0x00000000001080fc       0x10 zephyr/libzephyr.a(log_backend_uart.c.obj)
                0x000000000010810c                _log_backend_list_end = .

log_link_area   0x000000000010810c        0x0
                0x000000000010810c                _log_link_list_start = .
 *(SORT_BY_NAME(SORT_BY_ALIGNMENT(._log_link.static.*)))
                0x000000000010810c                _log_link_list_end = .

tracing_backend_area
                0x000000000010810c        0x0